Component: ARM Compiler 5.06 update 7 (build 960) Tool: armlink [4d3601]

==============================================================================

Section Cross References

    lcd.o(i.LCD_Conv_Char_Seg) refers to lcd.o(.constdata) for NumberMap
    lcd.o(i.LCD_DisplayString) refers to lcd.o(i.LCD_WriteChar) for LCD_WriteChar
    lcd.o(i.LCD_Initialization) refers to lcd.o(i.LCD_PIN_Init) for LCD_PIN_Init
    lcd.o(i.LCD_Initialization) refers to lcd.o(i.LCD_Clock_Init) for LCD_Clock_Init
    lcd.o(i.LCD_Initialization) refers to lcd.o(i.LCD_Configure) for LCD_Configure
    lcd.o(i.LCD_Initialization) refers to lcd.o(i.LCD_Clear) for LCD_Clear
    lcd.o(i.LCD_WriteChar) refers to lcd.o(i.LCD_Conv_Char_Seg) for LCD_Conv_Char_Seg
    lcd.o(i.LCD_bar) refers to lcd.o(.data) for t_bar
    main.o(i.Init_USARTx) refers to uart.o(i.UART2_Init) for UART2_Init
    main.o(i.Init_USARTx) refers to uart.o(i.UART2_GPIO_Init) for UART2_GPIO_Init
    main.o(i.Init_USARTx) refers to uart.o(i.USART_Init) for USART_Init
    main.o(i.Init_USARTx) refers to uart.o(i.UART1_Init) for UART1_Init
    main.o(i.Init_USARTx) refers to uart.o(i.UART1_GPIO_Init) for UART1_GPIO_Init
    main.o(i.L3GD20_measure) refers to l3gd20.o(i.GYRO_IO_Read) for GYRO_IO_Read
    main.o(i.L3GD20_measure) refers to dflt_clz.o(x$fpl$dflt) for __aeabi_i2d
    main.o(i.L3GD20_measure) refers to dmul.o(x$fpl$dmul) for __aeabi_dmul
    main.o(i.L3GD20_measure) refers to ddiv.o(x$fpl$ddiv) for __aeabi_ddiv
    main.o(i.L3GD20_measure) refers to daddsub_clz.o(x$fpl$dadd) for __aeabi_dadd
    main.o(i.L3GD20_measure) refers to dleqf.o(x$fpl$dleqf) for __aeabi_cdcmple
    main.o(i.L3GD20_measure) refers to daddsub_clz.o(x$fpl$dsub) for __aeabi_dsub
    main.o(i.L3GD20_measure) refers to drleqf.o(x$fpl$drleqf) for __aeabi_cdrcmple
    main.o(i.L3GD20_measure) refers to main.o(.data) for Z
    main.o(i.main) refers to sysclock.o(i.System_Clock_Init) for System_Clock_Init
    main.o(i.main) refers to systimer.o(i.SysTick_Init) for SysTick_Init
    main.o(i.main) refers to led.o(i.LED_Init) for LED_Init
    main.o(i.main) refers to lcd.o(i.LCD_Initialization) for LCD_Initialization
    main.o(i.main) refers to l3gd20.o(i.GYRO_Init) for GYRO_Init
    main.o(i.main) refers to sample_buffer.o(i.buffer_q_init) for buffer_q_init
    main.o(i.main) refers to main.o(i.Init_USARTx) for Init_USARTx
    main.o(i.main) refers to i2c.o(i.i2c_init) for i2c_init
    main.o(i.main) refers to sai.o(i.SAI_Init) for SAI_Init
    main.o(i.main) refers to cs43l22.o(i.cs43l22_init) for cs43l22_init
    main.o(i.main) refers to cs43l22.o(i.cs43l22_play) for cs43l22_play
    main.o(i.main) refers to main.o(i.L3GD20_measure) for L3GD20_measure
    main.o(i.main) refers to sample_buffer.o(i.buffer_q_get) for buffer_q_get
    main.o(i.main) refers to sample_buffer.o(i.buffer_q_pop) for buffer_q_pop
    main.o(i.main) refers to sample_buffer.o(i.buffer_q_almostfull) for buffer_q_almostfull
    main.o(i.main) refers to sample_buffer.o(i.buffer_q_empty) for buffer_q_empty
    main.o(i.main) refers to main.o(.data) for Z
    sample_buffer.o(i.buffer_q_almostfull) refers to sample_buffer.o(.data) for BUFFER_Q_full
    sample_buffer.o(i.buffer_q_empty) refers to sample_buffer.o(.data) for BUFFER_Q_empty
    sample_buffer.o(i.buffer_q_get) refers to sample_buffer.o(.data) for BUFFER_Q_empty
    sample_buffer.o(i.buffer_q_get) refers to sample_buffer.o(.bss) for BUFFER_Q
    sample_buffer.o(i.buffer_q_init) refers to sample_buffer.o(.data) for BUFFER_Q_head
    sample_buffer.o(i.buffer_q_pop) refers to sample_buffer.o(.data) for BUFFER_Q_empty
    sample_buffer.o(i.buffer_q_push) refers to sample_buffer.o(.data) for BUFFER_Q_full
    sample_buffer.o(i.buffer_q_push) refers to sample_buffer.o(.bss) for BUFFER_Q
    sample_buffer.o(i.buffer_q_push_p) refers to sample_buffer.o(i.buffer_q_push) for buffer_q_push
    sample_buffer.o(i.buffer_q_size) refers to sample_buffer.o(.data) for BUFFER_Q_size
    startup_stm32l476xx.o(STACK) refers (Special) to heapauxi.o(.text) for __use_two_region_memory
    startup_stm32l476xx.o(HEAP) refers (Special) to heapauxi.o(.text) for __use_two_region_memory
    startup_stm32l476xx.o(RESET) refers (Special) to heapauxi.o(.text) for __use_two_region_memory
    startup_stm32l476xx.o(RESET) refers to startup_stm32l476xx.o(STACK) for __initial_sp
    startup_stm32l476xx.o(RESET) refers to startup_stm32l476xx.o(.text) for Reset_Handler
    startup_stm32l476xx.o(RESET) refers to systimer.o(i.SysTick_Handler) for SysTick_Handler
    startup_stm32l476xx.o(RESET) refers to uart.o(i.USART1_IRQHandler) for USART1_IRQHandler
    startup_stm32l476xx.o(RESET) refers to uart.o(i.USART2_IRQHandler) for USART2_IRQHandler
    startup_stm32l476xx.o(.text) refers (Special) to heapauxi.o(.text) for __use_two_region_memory
    startup_stm32l476xx.o(.text) refers to __main.o(!!!main) for __main
    startup_stm32l476xx.o(.text) refers to startup_stm32l476xx.o(HEAP) for Heap_Mem
    startup_stm32l476xx.o(.text) refers to startup_stm32l476xx.o(STACK) for Stack_Mem
    uart.o(i.USART1_IRQHandler) refers to uart.o(i.handle_RXNE) for handle_RXNE
    uart.o(i.USART2_IRQHandler) refers to uart.o(i.handle_RXNE) for handle_RXNE
    uart.o(i.USART_Init) refers to uart.o(i.__NVIC_EnableIRQ) for __NVIC_EnableIRQ
    uart.o(i.USART_Init) refers to uart.o(i.__NVIC_SetPriority) for __NVIC_SetPriority
    uart.o(i.USART_Write) refers to uart.o(i.USART_Delay) for USART_Delay
    uart.o(i.handle_RXNE) refers to sample_buffer.o(i.buffer_q_push) for buffer_q_push
    uart.o(i.handle_RXNE) refers to sample_buffer.o(i.buffer_q_almostfull) for buffer_q_almostfull
    uart.o(i.handle_RXNE) refers to sample_buffer.o(i.buffer_q_empty) for buffer_q_empty
    uart.o(i.handle_RXNE) refers to uart.o(.data) for state
    uart_printf.o(i.fgetc) refers to uart.o(i.USART_Read) for USART_Read
    uart_printf.o(i.fputc) refers to uart.o(i.USART_Write) for USART_Write
    cs43l22.o(i.cs43l22_init) refers to i2c.o(i.i2c_send_data) for i2c_send_data
    cs43l22.o(i.cs43l22_init) refers to cs43l22.o(i.cs43l22_set_volume) for cs43l22_set_volume
    cs43l22.o(i.cs43l22_play) refers to i2c.o(i.i2c_send_data) for i2c_send_data
    cs43l22.o(i.cs43l22_set_volume) refers to i2c.o(i.i2c_send_data) for i2c_send_data
    i2c.o(i.i2c_receive_data) refers to i2c.o(i.i2c_wait_line_idle) for i2c_wait_line_idle
    i2c.o(i.i2c_receive_data) refers to i2c.o(i.i2c_start) for i2c_start
    i2c.o(i.i2c_receive_data) refers to i2c.o(i.i2c_stop) for i2c_stop
    i2c.o(i.i2c_send_data) refers to i2c.o(i.i2c_wait_line_idle) for i2c_wait_line_idle
    i2c.o(i.i2c_send_data) refers to i2c.o(i.i2c_start) for i2c_start
    i2c.o(i.i2c_send_data) refers to i2c.o(i.i2c_stop) for i2c_stop
    i2c.o(i.i2c_start) refers to i2c.o(.data) for krg
    l3gd20.o(i.GYRO_IO_Read) refers to spi.o(i.SPI_Delay) for SPI_Delay
    l3gd20.o(i.GYRO_IO_Read) refers to spi.o(i.SPI_Write) for SPI_Write
    l3gd20.o(i.GYRO_IO_Read) refers to spi.o(i.SPI_Read) for SPI_Read
    l3gd20.o(i.GYRO_IO_Write) refers to spi.o(i.SPI_Delay) for SPI_Delay
    l3gd20.o(i.GYRO_IO_Write) refers to spi.o(i.SPI_Write) for SPI_Write
    l3gd20.o(i.GYRO_Init) refers to spi.o(i.SPI2_GPIO_Init) for SPI2_GPIO_Init
    l3gd20.o(i.GYRO_Init) refers to spi.o(i.SPI_Init) for SPI_Init
    l3gd20.o(i.GYRO_Init) refers to l3gd20.o(i.GYRO_IO_CS_Init) for GYRO_IO_CS_Init
    l3gd20.o(i.GYRO_Init) refers to l3gd20.o(i.L3GD20_Init) for L3GD20_Init
    l3gd20.o(i.L3GD20_Init) refers to l3gd20.o(i.GYRO_IO_Write) for GYRO_IO_Write
    systimer.o(i.SysTick_Handler) refers to systimer.o(.data) for msTicks
    systimer.o(i.delay) refers to systimer.o(.data) for msTicks
    __main.o(!!!main) refers to __rtentry.o(.ARM.Collect$$rtentry$$00000000) for __rt_entry
    daddsub_clz.o(x$fpl$dadd) refers (Special) to usenofp.o(x$fpl$usenofp) for __I$use$fp
    daddsub_clz.o(x$fpl$dadd) refers to daddsub_clz.o(x$fpl$dsub) for _dsub1
    daddsub_clz.o(x$fpl$dadd) refers to dretinf.o(x$fpl$dretinf) for __fpl_dretinf
    daddsub_clz.o(x$fpl$dadd) refers to dnaninf.o(x$fpl$dnaninf) for __fpl_dnaninf
    daddsub_clz.o(x$fpl$drsb) refers (Special) to usenofp.o(x$fpl$usenofp) for __I$use$fp
    daddsub_clz.o(x$fpl$drsb) refers to daddsub_clz.o(x$fpl$dadd) for _dadd1
    daddsub_clz.o(x$fpl$drsb) refers to daddsub_clz.o(x$fpl$dsub) for _dsub1
    daddsub_clz.o(x$fpl$dsub) refers (Special) to usenofp.o(x$fpl$usenofp) for __I$use$fp
    daddsub_clz.o(x$fpl$dsub) refers to daddsub_clz.o(x$fpl$dadd) for _dadd1
    daddsub_clz.o(x$fpl$dsub) refers to dnaninf.o(x$fpl$dnaninf) for __fpl_dnaninf
    ddiv.o(x$fpl$drdiv) refers (Special) to usenofp.o(x$fpl$usenofp) for __I$use$fp
    ddiv.o(x$fpl$drdiv) refers to ddiv.o(x$fpl$ddiv) for ddiv_entry
    ddiv.o(x$fpl$ddiv) refers (Special) to usenofp.o(x$fpl$usenofp) for __I$use$fp
    ddiv.o(x$fpl$ddiv) refers to dretinf.o(x$fpl$dretinf) for __fpl_dretinf
    ddiv.o(x$fpl$ddiv) refers to dnaninf.o(x$fpl$dnaninf) for __fpl_dnaninf
    dflt_clz.o(x$fpl$dfltu) refers (Special) to usenofp.o(x$fpl$usenofp) for __I$use$fp
    dflt_clz.o(x$fpl$dflt) refers (Special) to usenofp.o(x$fpl$usenofp) for __I$use$fp
    dflt_clz.o(x$fpl$dfltn) refers (Special) to usenofp.o(x$fpl$usenofp) for __I$use$fp
    dleqf.o(x$fpl$dleqf) refers (Special) to usenofp.o(x$fpl$usenofp) for __I$use$fp
    dleqf.o(x$fpl$dleqf) refers to dnaninf.o(x$fpl$dnaninf) for __fpl_dnaninf
    dleqf.o(x$fpl$dleqf) refers to dcmpi.o(x$fpl$dcmpinf) for __fpl_dcmp_Inf
    dmul.o(x$fpl$dmul) refers (Special) to usenofp.o(x$fpl$usenofp) for __I$use$fp
    dmul.o(x$fpl$dmul) refers to dretinf.o(x$fpl$dretinf) for __fpl_dretinf
    dmul.o(x$fpl$dmul) refers to dnaninf.o(x$fpl$dnaninf) for __fpl_dnaninf
    drleqf.o(x$fpl$drleqf) refers (Special) to usenofp.o(x$fpl$usenofp) for __I$use$fp
    drleqf.o(x$fpl$drleqf) refers to dleqf.o(x$fpl$dleqf) for __fpl_dcmple_InfNaN
    __rtentry.o(.ARM.Collect$$rtentry$$00000000) refers (Special) to __rtentry2.o(.ARM.Collect$$rtentry$$0000000A) for __rt_entry_li
    __rtentry.o(.ARM.Collect$$rtentry$$00000000) refers (Special) to __rtentry2.o(.ARM.Collect$$rtentry$$0000000D) for __rt_entry_main
    __rtentry.o(.ARM.Collect$$rtentry$$00000000) refers (Special) to __rtentry2.o(.ARM.Collect$$rtentry$$0000000C) for __rt_entry_postli_1
    __rtentry.o(.ARM.Collect$$rtentry$$00000000) refers (Special) to __rtentry2.o(.ARM.Collect$$rtentry$$00000009) for __rt_entry_postsh_1
    __rtentry.o(.ARM.Collect$$rtentry$$00000000) refers (Special) to __rtentry2.o(.ARM.Collect$$rtentry$$00000002) for __rt_entry_presh_1
    __rtentry.o(.ARM.Collect$$rtentry$$00000000) refers (Special) to __rtentry4.o(.ARM.Collect$$rtentry$$00000004) for __rt_entry_sh
    dcmpi.o(x$fpl$dcmpinf) refers (Special) to usenofp.o(x$fpl$usenofp) for __I$use$fp
    dnaninf.o(x$fpl$dnaninf) refers (Special) to usenofp.o(x$fpl$usenofp) for __I$use$fp
    dretinf.o(x$fpl$dretinf) refers (Special) to usenofp.o(x$fpl$usenofp) for __I$use$fp
    __rtentry2.o(.ARM.Collect$$rtentry$$00000008) refers to boardinit2.o(.text) for _platform_post_stackheap_init
    __rtentry2.o(.ARM.Collect$$rtentry$$0000000A) refers to libinit.o(.ARM.Collect$$libinit$$00000000) for __rt_lib_init
    __rtentry2.o(.ARM.Collect$$rtentry$$0000000B) refers to boardinit3.o(.text) for _platform_post_lib_init
    __rtentry2.o(.ARM.Collect$$rtentry$$0000000D) refers to main.o(i.main) for main
    __rtentry2.o(.ARM.Collect$$rtentry$$0000000D) refers to exit.o(.text) for exit
    __rtentry2.o(.ARM.exidx) refers to __rtentry2.o(.ARM.Collect$$rtentry$$00000001) for .ARM.Collect$$rtentry$$00000001
    __rtentry2.o(.ARM.exidx) refers to __rtentry2.o(.ARM.Collect$$rtentry$$00000008) for .ARM.Collect$$rtentry$$00000008
    __rtentry2.o(.ARM.exidx) refers to __rtentry2.o(.ARM.Collect$$rtentry$$0000000A) for .ARM.Collect$$rtentry$$0000000A
    __rtentry2.o(.ARM.exidx) refers to __rtentry2.o(.ARM.Collect$$rtentry$$0000000B) for .ARM.Collect$$rtentry$$0000000B
    __rtentry2.o(.ARM.exidx) refers to __rtentry2.o(.ARM.Collect$$rtentry$$0000000D) for .ARM.Collect$$rtentry$$0000000D
    __rtentry4.o(.ARM.Collect$$rtentry$$00000004) refers to sys_stackheap_outer.o(.text) for __user_setup_stackheap
    __rtentry4.o(.ARM.exidx) refers to __rtentry4.o(.ARM.Collect$$rtentry$$00000004) for .ARM.Collect$$rtentry$$00000004
    sys_stackheap_outer.o(.text) refers to libspace.o(.text) for __user_perproc_libspace
    sys_stackheap_outer.o(.text) refers to startup_stm32l476xx.o(.text) for __user_initial_stackheap
    exit.o(.text) refers to rtexit.o(.ARM.Collect$$rtexit$$00000000) for __rt_exit
    libinit.o(.ARM.Collect$$libinit$$00000000) refers (Special) to libinit2.o(.ARM.Collect$$libinit$$0000002E) for __rt_lib_init_alloca_1
    libinit.o(.ARM.Collect$$libinit$$00000000) refers (Special) to libinit2.o(.ARM.Collect$$libinit$$0000002C) for __rt_lib_init_argv_1
    libinit.o(.ARM.Collect$$libinit$$00000000) refers (Special) to libinit2.o(.ARM.Collect$$libinit$$0000001B) for __rt_lib_init_atexit_1
    libinit.o(.ARM.Collect$$libinit$$00000000) refers (Special) to libinit2.o(.ARM.Collect$$libinit$$00000021) for __rt_lib_init_clock_1
    libinit.o(.ARM.Collect$$libinit$$00000000) refers (Special) to libinit2.o(.ARM.Collect$$libinit$$00000032) for __rt_lib_init_cpp_1
    libinit.o(.ARM.Collect$$libinit$$00000000) refers (Special) to libinit2.o(.ARM.Collect$$libinit$$00000030) for __rt_lib_init_exceptions_1
    libinit.o(.ARM.Collect$$libinit$$00000000) refers (Special) to libinit2.o(.ARM.Collect$$libinit$$00000001) for __rt_lib_init_fp_1
    libinit.o(.ARM.Collect$$libinit$$00000000) refers (Special) to libinit2.o(.ARM.Collect$$libinit$$0000001F) for __rt_lib_init_fp_trap_1
    libinit.o(.ARM.Collect$$libinit$$00000000) refers (Special) to libinit2.o(.ARM.Collect$$libinit$$00000023) for __rt_lib_init_getenv_1
    libinit.o(.ARM.Collect$$libinit$$00000000) refers (Special) to libinit2.o(.ARM.Collect$$libinit$$0000000A) for __rt_lib_init_heap_1
    libinit.o(.ARM.Collect$$libinit$$00000000) refers (Special) to libinit2.o(.ARM.Collect$$libinit$$00000011) for __rt_lib_init_lc_collate_1
    libinit.o(.ARM.Collect$$libinit$$00000000) refers (Special) to libinit2.o(.ARM.Collect$$libinit$$00000013) for __rt_lib_init_lc_ctype_1
    libinit.o(.ARM.Collect$$libinit$$00000000) refers (Special) to libinit2.o(.ARM.Collect$$libinit$$00000015) for __rt_lib_init_lc_monetary_1
    libinit.o(.ARM.Collect$$libinit$$00000000) refers (Special) to libinit2.o(.ARM.Collect$$libinit$$00000017) for __rt_lib_init_lc_numeric_1
    libinit.o(.ARM.Collect$$libinit$$00000000) refers (Special) to libinit2.o(.ARM.Collect$$libinit$$00000019) for __rt_lib_init_lc_time_1
    libinit.o(.ARM.Collect$$libinit$$00000000) refers (Special) to libinit2.o(.ARM.Collect$$libinit$$00000004) for __rt_lib_init_preinit_1
    libinit.o(.ARM.Collect$$libinit$$00000000) refers (Special) to libinit2.o(.ARM.Collect$$libinit$$0000000E) for __rt_lib_init_rand_1
    libinit.o(.ARM.Collect$$libinit$$00000000) refers (Special) to libinit2.o(.ARM.Collect$$libinit$$00000033) for __rt_lib_init_return
    libinit.o(.ARM.Collect$$libinit$$00000000) refers (Special) to libinit2.o(.ARM.Collect$$libinit$$0000001D) for __rt_lib_init_signal_1
    libinit.o(.ARM.Collect$$libinit$$00000000) refers (Special) to libinit2.o(.ARM.Collect$$libinit$$00000025) for __rt_lib_init_stdio_1
    libinit.o(.ARM.Collect$$libinit$$00000000) refers (Special) to libinit2.o(.ARM.Collect$$libinit$$0000000C) for __rt_lib_init_user_alloc_1
    libspace.o(.text) refers to libspace.o(.bss) for __libspace_start
    rtexit.o(.ARM.Collect$$rtexit$$00000000) refers (Special) to rtexit2.o(.ARM.Collect$$rtexit$$00000004) for __rt_exit_exit
    rtexit.o(.ARM.Collect$$rtexit$$00000000) refers (Special) to rtexit2.o(.ARM.Collect$$rtexit$$00000003) for __rt_exit_ls
    rtexit.o(.ARM.Collect$$rtexit$$00000000) refers (Special) to rtexit2.o(.ARM.Collect$$rtexit$$00000002) for __rt_exit_prels_1
    rtexit.o(.ARM.exidx) refers (Special) to rtexit2.o(.ARM.Collect$$rtexit$$00000004) for __rt_exit_exit
    rtexit.o(.ARM.exidx) refers (Special) to rtexit2.o(.ARM.Collect$$rtexit$$00000003) for __rt_exit_ls
    rtexit.o(.ARM.exidx) refers (Special) to rtexit2.o(.ARM.Collect$$rtexit$$00000002) for __rt_exit_prels_1
    rtexit.o(.ARM.exidx) refers to rtexit.o(.ARM.Collect$$rtexit$$00000000) for .ARM.Collect$$rtexit$$00000000
    libinit2.o(.ARM.Collect$$libinit$$00000001) refers to fpinit.o(x$fpl$fpinit) for _fp_init
    libinit2.o(.ARM.Collect$$libinit$$00000010) refers to libinit2.o(.ARM.Collect$$libinit$$0000000F) for .ARM.Collect$$libinit$$0000000F
    libinit2.o(.ARM.Collect$$libinit$$00000012) refers to libinit2.o(.ARM.Collect$$libinit$$0000000F) for .ARM.Collect$$libinit$$0000000F
    libinit2.o(.ARM.Collect$$libinit$$00000014) refers to libinit2.o(.ARM.Collect$$libinit$$0000000F) for .ARM.Collect$$libinit$$0000000F
    libinit2.o(.ARM.Collect$$libinit$$00000016) refers to libinit2.o(.ARM.Collect$$libinit$$0000000F) for .ARM.Collect$$libinit$$0000000F
    libinit2.o(.ARM.Collect$$libinit$$00000018) refers to libinit2.o(.ARM.Collect$$libinit$$0000000F) for .ARM.Collect$$libinit$$0000000F
    libinit2.o(.ARM.Collect$$libinit$$00000026) refers to argv_veneer.o(.emb_text) for __ARM_argv_veneer
    libinit2.o(.ARM.Collect$$libinit$$00000027) refers to argv_veneer.o(.emb_text) for __ARM_argv_veneer
    rtexit2.o(.ARM.Collect$$rtexit$$00000003) refers to libshutdown.o(.ARM.Collect$$libshutdown$$00000000) for __rt_lib_shutdown
    rtexit2.o(.ARM.Collect$$rtexit$$00000004) refers to sys_exit.o(.text) for _sys_exit
    rtexit2.o(.ARM.exidx) refers to rtexit2.o(.ARM.Collect$$rtexit$$00000001) for .ARM.Collect$$rtexit$$00000001
    rtexit2.o(.ARM.exidx) refers to rtexit2.o(.ARM.Collect$$rtexit$$00000003) for .ARM.Collect$$rtexit$$00000003
    rtexit2.o(.ARM.exidx) refers to rtexit2.o(.ARM.Collect$$rtexit$$00000004) for .ARM.Collect$$rtexit$$00000004
    argv_veneer.o(.emb_text) refers to no_argv.o(.text) for __ARM_get_argv
    sys_exit.o(.text) refers (Special) to use_no_semi.o(.text) for __I$use$semihosting
    sys_exit.o(.text) refers (Special) to indicate_semi.o(.text) for __semihosting_library_function
    _get_argv_nomalloc.o(.text) refers (Special) to hrguard.o(.text) for __heap_region$guard
    _get_argv_nomalloc.o(.text) refers to defsig_rtmem_outer.o(.text) for __rt_SIGRTMEM
    _get_argv_nomalloc.o(.text) refers to sys_command.o(.text) for _sys_command_string
    libshutdown.o(.ARM.Collect$$libshutdown$$00000000) refers (Special) to libshutdown2.o(.ARM.Collect$$libshutdown$$00000004) for __rt_lib_shutdown_cpp_1
    libshutdown.o(.ARM.Collect$$libshutdown$$00000000) refers (Special) to libshutdown2.o(.ARM.Collect$$libshutdown$$00000002) for __rt_lib_shutdown_fini_1
    libshutdown.o(.ARM.Collect$$libshutdown$$00000000) refers (Special) to libshutdown2.o(.ARM.Collect$$libshutdown$$00000009) for __rt_lib_shutdown_fp_trap_1
    libshutdown.o(.ARM.Collect$$libshutdown$$00000000) refers (Special) to libshutdown2.o(.ARM.Collect$$libshutdown$$00000011) for __rt_lib_shutdown_heap_1
    libshutdown.o(.ARM.Collect$$libshutdown$$00000000) refers (Special) to libshutdown2.o(.ARM.Collect$$libshutdown$$00000012) for __rt_lib_shutdown_return
    libshutdown.o(.ARM.Collect$$libshutdown$$00000000) refers (Special) to libshutdown2.o(.ARM.Collect$$libshutdown$$0000000C) for __rt_lib_shutdown_signal_1
    libshutdown.o(.ARM.Collect$$libshutdown$$00000000) refers (Special) to libshutdown2.o(.ARM.Collect$$libshutdown$$00000006) for __rt_lib_shutdown_stdio_1
    libshutdown.o(.ARM.Collect$$libshutdown$$00000000) refers (Special) to libshutdown2.o(.ARM.Collect$$libshutdown$$0000000E) for __rt_lib_shutdown_user_alloc_1
    sys_command.o(.text) refers (Special) to use_no_semi.o(.text) for __I$use$semihosting
    sys_command.o(.text) refers (Special) to indicate_semi.o(.text) for __semihosting_library_function
    defsig_rtmem_outer.o(.text) refers to defsig_rtmem_inner.o(.text) for __rt_SIGRTMEM_inner
    defsig_rtmem_outer.o(.text) refers to defsig_exit.o(.text) for __sig_exit
    defsig_rtmem_formal.o(.text) refers to rt_raise.o(.text) for __rt_raise
    rt_raise.o(.text) refers to __raise.o(.text) for __raise
    rt_raise.o(.text) refers to sys_exit.o(.text) for _sys_exit
    defsig_exit.o(.text) refers to sys_exit.o(.text) for _sys_exit
    defsig_rtmem_inner.o(.text) refers to defsig_general.o(.text) for __default_signal_display
    __raise.o(.text) refers to defsig.o(CL$$defsig) for __default_signal_handler
    defsig_general.o(.text) refers to sys_wrch.o(.text) for _ttywrch
    sys_wrch.o(.text) refers (Special) to use_no_semi.o(.text) for __I$use$semihosting
    sys_wrch.o(.text) refers (Special) to indicate_semi.o(.text) for __semihosting_library_function
    defsig.o(CL$$defsig) refers to defsig_rtmem_inner.o(.text) for __rt_SIGRTMEM_inner
    defsig_abrt_inner.o(.text) refers to defsig_general.o(.text) for __default_signal_display
    defsig_fpe_inner.o(.text) refers to defsig_general.o(.text) for __default_signal_display
    defsig_rtred_inner.o(.text) refers to defsig_general.o(.text) for __default_signal_display
    defsig_stak_inner.o(.text) refers to defsig_general.o(.text) for __default_signal_display
    defsig_pvfn_inner.o(.text) refers to defsig_general.o(.text) for __default_signal_display
    defsig_cppl_inner.o(.text) refers to defsig_general.o(.text) for __default_signal_display
    defsig_segv_inner.o(.text) refers to defsig_general.o(.text) for __default_signal_display
    defsig_other.o(.text) refers to defsig_general.o(.text) for __default_signal_display


==============================================================================

Removing Unused input sections from the image.

    Removing lcd.o(.rev16_text), (4 bytes).
    Removing lcd.o(.revsh_text), (4 bytes).
    Removing lcd.o(.rrx_text), (6 bytes).
    Removing lcd.o(i.LCD_Conv_Char_Seg), (312 bytes).
    Removing lcd.o(i.LCD_DisplayString), (92 bytes).
    Removing lcd.o(i.LCD_WriteChar), (1956 bytes).
    Removing lcd.o(i.LCD_bar), (192 bytes).
    Removing lcd.o(.constdata), (72 bytes).
    Removing lcd.o(.data), (2 bytes).
    Removing led.o(.rev16_text), (4 bytes).
    Removing led.o(.revsh_text), (4 bytes).
    Removing led.o(.rrx_text), (6 bytes).
    Removing led.o(i.Green_LED_Off), (20 bytes).
    Removing led.o(i.Green_LED_On), (20 bytes).
    Removing led.o(i.Green_LED_Toggle), (20 bytes).
    Removing led.o(i.Red_LED_Off), (20 bytes).
    Removing led.o(i.Red_LED_On), (20 bytes).
    Removing led.o(i.Red_LED_Toggle), (20 bytes).
    Removing main.o(.rev16_text), (4 bytes).
    Removing main.o(.revsh_text), (4 bytes).
    Removing main.o(.rrx_text), (6 bytes).
    Removing sample_buffer.o(i.buffer_q_push_p), (14 bytes).
    Removing sample_buffer.o(i.buffer_q_size), (16 bytes).
    Removing sysclock.o(.rev16_text), (4 bytes).
    Removing sysclock.o(.revsh_text), (4 bytes).
    Removing sysclock.o(.rrx_text), (6 bytes).
    Removing uart.o(.rev16_text), (4 bytes).
    Removing uart.o(.revsh_text), (4 bytes).
    Removing uart.o(.rrx_text), (6 bytes).
    Removing uart.o(i.USART_Delay), (20 bytes).
    Removing uart.o(i.USART_Read), (20 bytes).
    Removing uart.o(i.USART_Write), (64 bytes).
    Removing uart_printf.o(.rev16_text), (4 bytes).
    Removing uart_printf.o(.revsh_text), (4 bytes).
    Removing uart_printf.o(.rrx_text), (6 bytes).
    Removing uart_printf.o(i.fgetc), (52 bytes).
    Removing uart_printf.o(i.fputc), (60 bytes).
    Removing uart_printf.o(.data), (8 bytes).
    Removing cs43l22.o(.rev16_text), (4 bytes).
    Removing cs43l22.o(.revsh_text), (4 bytes).
    Removing cs43l22.o(.rrx_text), (6 bytes).
    Removing sai.o(.rev16_text), (4 bytes).
    Removing sai.o(.revsh_text), (4 bytes).
    Removing sai.o(.rrx_text), (6 bytes).
    Removing i2c.o(.rev16_text), (4 bytes).
    Removing i2c.o(.revsh_text), (4 bytes).
    Removing i2c.o(.rrx_text), (6 bytes).
    Removing i2c.o(i.i2c_receive_data), (92 bytes).
    Removing l3gd20.o(.rev16_text), (4 bytes).
    Removing l3gd20.o(.revsh_text), (4 bytes).
    Removing l3gd20.o(.rrx_text), (6 bytes).
    Removing spi.o(.rev16_text), (4 bytes).
    Removing spi.o(.revsh_text), (4 bytes).
    Removing spi.o(.rrx_text), (6 bytes).
    Removing systimer.o(.rev16_text), (4 bytes).
    Removing systimer.o(.revsh_text), (4 bytes).
    Removing systimer.o(.rrx_text), (6 bytes).
    Removing systimer.o(i.delay), (28 bytes).

58 unused section(s) (total 3288 bytes) removed from the image.

==============================================================================

Image Symbol Table

    Local Symbols

    Symbol Name                              Value     Ov Type        Size  Object(Section)

    ../clib/angel/boardlib.s                 0x00000000   Number         0  boardinit1.o ABSOLUTE
    ../clib/angel/boardlib.s                 0x00000000   Number         0  boardinit2.o ABSOLUTE
    ../clib/angel/boardlib.s                 0x00000000   Number         0  boardinit3.o ABSOLUTE
    ../clib/angel/boardlib.s                 0x00000000   Number         0  boardshut.o ABSOLUTE
    ../clib/angel/handlers.s                 0x00000000   Number         0  __scatter_zi.o ABSOLUTE
    ../clib/angel/handlers.s                 0x00000000   Number         0  __scatter_copy.o ABSOLUTE
    ../clib/angel/kernel.s                   0x00000000   Number         0  rtexit.o ABSOLUTE
    ../clib/angel/kernel.s                   0x00000000   Number         0  rtexit2.o ABSOLUTE
    ../clib/angel/kernel.s                   0x00000000   Number         0  __rtentry4.o ABSOLUTE
    ../clib/angel/kernel.s                   0x00000000   Number         0  __rtentry2.o ABSOLUTE
    ../clib/angel/kernel.s                   0x00000000   Number         0  __rtentry.o ABSOLUTE
    ../clib/angel/rt.s                       0x00000000   Number         0  rt_raise.o ABSOLUTE
    ../clib/angel/scatter.s                  0x00000000   Number         0  __scatter.o ABSOLUTE
    ../clib/angel/startup.s                  0x00000000   Number         0  __main.o ABSOLUTE
    ../clib/angel/sys.s                      0x00000000   Number         0  libspace.o ABSOLUTE
    ../clib/angel/sys.s                      0x00000000   Number         0  use_no_semi.o ABSOLUTE
    ../clib/angel/sys.s                      0x00000000   Number         0  indicate_semi.o ABSOLUTE
    ../clib/angel/sys.s                      0x00000000   Number         0  sys_stackheap_outer.o ABSOLUTE
    ../clib/angel/sysapp.c                   0x00000000   Number         0  sys_wrch.o ABSOLUTE
    ../clib/angel/sysapp.c                   0x00000000   Number         0  sys_exit.o ABSOLUTE
    ../clib/angel/sysapp.c                   0x00000000   Number         0  sys_command.o ABSOLUTE
    ../clib/armsys.c                         0x00000000   Number         0  argv_veneer.o ABSOLUTE
    ../clib/armsys.c                         0x00000000   Number         0  no_argv.o ABSOLUTE
    ../clib/armsys.c                         0x00000000   Number         0  _get_argv_nomalloc.o ABSOLUTE
    ../clib/armsys.c                         0x00000000   Number         0  argv_veneer.o ABSOLUTE
    ../clib/heapalloc.c                      0x00000000   Number         0  hrguard.o ABSOLUTE
    ../clib/heapaux.c                        0x00000000   Number         0  heapauxi.o ABSOLUTE
    ../clib/libinit.s                        0x00000000   Number         0  libinit.o ABSOLUTE
    ../clib/libinit.s                        0x00000000   Number         0  libinit2.o ABSOLUTE
    ../clib/libinit.s                        0x00000000   Number         0  libshutdown2.o ABSOLUTE
    ../clib/libinit.s                        0x00000000   Number         0  libshutdown.o ABSOLUTE
    ../clib/signal.c                         0x00000000   Number         0  defsig_other.o ABSOLUTE
    ../clib/signal.c                         0x00000000   Number         0  defsig_cppl_inner.o ABSOLUTE
    ../clib/signal.c                         0x00000000   Number         0  defsig_pvfn_inner.o ABSOLUTE
    ../clib/signal.c                         0x00000000   Number         0  defsig_stak_inner.o ABSOLUTE
    ../clib/signal.c                         0x00000000   Number         0  defsig_rtred_inner.o ABSOLUTE
    ../clib/signal.c                         0x00000000   Number         0  defsig_fpe_inner.o ABSOLUTE
    ../clib/signal.c                         0x00000000   Number         0  defsig_abrt_inner.o ABSOLUTE
    ../clib/signal.c                         0x00000000   Number         0  defsig_segv_inner.o ABSOLUTE
    ../clib/signal.c                         0x00000000   Number         0  defsig_general.o ABSOLUTE
    ../clib/signal.c                         0x00000000   Number         0  defsig_rtmem_inner.o ABSOLUTE
    ../clib/signal.c                         0x00000000   Number         0  defsig_exit.o ABSOLUTE
    ../clib/signal.c                         0x00000000   Number         0  __raise.o ABSOLUTE
    ../clib/signal.c                         0x00000000   Number         0  defsig_rtmem_outer.o ABSOLUTE
    ../clib/signal.c                         0x00000000   Number         0  defsig_rtmem_formal.o ABSOLUTE
    ../clib/signal.s                         0x00000000   Number         0  defsig.o ABSOLUTE
    ../clib/stdlib.c                         0x00000000   Number         0  exit.o ABSOLUTE
    ../fplib/daddsub.s                       0x00000000   Number         0  daddsub_clz.o ABSOLUTE
    ../fplib/dcmpi.s                         0x00000000   Number         0  dcmpi.o ABSOLUTE
    ../fplib/ddiv.s                          0x00000000   Number         0  ddiv.o ABSOLUTE
    ../fplib/dflt.s                          0x00000000   Number         0  dflt_clz.o ABSOLUTE
    ../fplib/dleqf.s                         0x00000000   Number         0  dleqf.o ABSOLUTE
    ../fplib/dmul.s                          0x00000000   Number         0  dmul.o ABSOLUTE
    ../fplib/dnaninf.s                       0x00000000   Number         0  dnaninf.o ABSOLUTE
    ../fplib/dretinf.s                       0x00000000   Number         0  dretinf.o ABSOLUTE
    ../fplib/drleqf.s                        0x00000000   Number         0  drleqf.o ABSOLUTE
    ../fplib/fpinit.s                        0x00000000   Number         0  fpinit.o ABSOLUTE
    ../fplib/usenofp.s                       0x00000000   Number         0  usenofp.o ABSOLUTE
    ..\\src\\L3GD20.c                        0x00000000   Number         0  l3gd20.o ABSOLUTE
    ..\\src\\LCD.c                           0x00000000   Number         0  lcd.o ABSOLUTE
    ..\\src\\LED.c                           0x00000000   Number         0  led.o ABSOLUTE
    ..\\src\\SAI.c                           0x00000000   Number         0  sai.o ABSOLUTE
    ..\\src\\SPI.c                           0x00000000   Number         0  spi.o ABSOLUTE
    ..\\src\\SysClock.c                      0x00000000   Number         0  sysclock.o ABSOLUTE
    ..\\src\\SysTimer.c                      0x00000000   Number         0  systimer.o ABSOLUTE
    ..\\src\\UART.c                          0x00000000   Number         0  uart.o ABSOLUTE
    ..\\src\\UART_printf.c                   0x00000000   Number         0  uart_printf.o ABSOLUTE
    ..\\src\\cs43l22.c                       0x00000000   Number         0  cs43l22.o ABSOLUTE
    ..\\src\\i2c.c                           0x00000000   Number         0  i2c.o ABSOLUTE
    ..\\src\\main.c                          0x00000000   Number         0  main.o ABSOLUTE
    ..\src\L3GD20.c                          0x00000000   Number         0  l3gd20.o ABSOLUTE
    ..\src\LCD.c                             0x00000000   Number         0  lcd.o ABSOLUTE
    ..\src\LED.c                             0x00000000   Number         0  led.o ABSOLUTE
    ..\src\SAI.c                             0x00000000   Number         0  sai.o ABSOLUTE
    ..\src\SPI.c                             0x00000000   Number         0  spi.o ABSOLUTE
    ..\src\SysClock.c                        0x00000000   Number         0  sysclock.o ABSOLUTE
    ..\src\SysTimer.c                        0x00000000   Number         0  systimer.o ABSOLUTE
    ..\src\UART.c                            0x00000000   Number         0  uart.o ABSOLUTE
    ..\src\UART_printf.c                     0x00000000   Number         0  uart_printf.o ABSOLUTE
    ..\src\audio.c                           0x00000000   Number         0  audio.o ABSOLUTE
    ..\src\cs43l22.c                         0x00000000   Number         0  cs43l22.o ABSOLUTE
    ..\src\i2c.c                             0x00000000   Number         0  i2c.o ABSOLUTE
    ..\src\main.c                            0x00000000   Number         0  main.o ABSOLUTE
    ..\src\sample_buffer.c                   0x00000000   Number         0  sample_buffer.o ABSOLUTE
    ..\src\startup_stm32l476xx.s             0x00000000   Number         0  startup_stm32l476xx.o ABSOLUTE
    dc.s                                     0x00000000   Number         0  dc.o ABSOLUTE
    RESET                                    0x08000000   Section      392  startup_stm32l476xx.o(RESET)
    !!!main                                  0x08000188   Section        8  __main.o(!!!main)
    !!!scatter                               0x08000190   Section       52  __scatter.o(!!!scatter)
    !!handler_copy                           0x080001c4   Section       26  __scatter_copy.o(!!handler_copy)
    !!handler_zi                             0x080001e0   Section       28  __scatter_zi.o(!!handler_zi)
    .ARM.Collect$$libinit$$00000000          0x080001fc   Section        2  libinit.o(.ARM.Collect$$libinit$$00000000)
    .ARM.Collect$$libinit$$00000001          0x080001fe   Section        4  libinit2.o(.ARM.Collect$$libinit$$00000001)
    .ARM.Collect$$libinit$$00000004          0x08000202   Section        0  libinit2.o(.ARM.Collect$$libinit$$00000004)
    .ARM.Collect$$libinit$$0000000A          0x08000202   Section        0  libinit2.o(.ARM.Collect$$libinit$$0000000A)
    .ARM.Collect$$libinit$$0000000C          0x08000202   Section        0  libinit2.o(.ARM.Collect$$libinit$$0000000C)
    .ARM.Collect$$libinit$$0000000E          0x08000202   Section        0  libinit2.o(.ARM.Collect$$libinit$$0000000E)
    .ARM.Collect$$libinit$$00000011          0x08000202   Section        0  libinit2.o(.ARM.Collect$$libinit$$00000011)
    .ARM.Collect$$libinit$$00000013          0x08000202   Section        0  libinit2.o(.ARM.Collect$$libinit$$00000013)
    .ARM.Collect$$libinit$$00000015          0x08000202   Section        0  libinit2.o(.ARM.Collect$$libinit$$00000015)
    .ARM.Collect$$libinit$$00000017          0x08000202   Section        0  libinit2.o(.ARM.Collect$$libinit$$00000017)
    .ARM.Collect$$libinit$$00000019          0x08000202   Section        0  libinit2.o(.ARM.Collect$$libinit$$00000019)
    .ARM.Collect$$libinit$$0000001B          0x08000202   Section        0  libinit2.o(.ARM.Collect$$libinit$$0000001B)
    .ARM.Collect$$libinit$$0000001D          0x08000202   Section        0  libinit2.o(.ARM.Collect$$libinit$$0000001D)
    .ARM.Collect$$libinit$$0000001F          0x08000202   Section        0  libinit2.o(.ARM.Collect$$libinit$$0000001F)
    .ARM.Collect$$libinit$$00000021          0x08000202   Section        0  libinit2.o(.ARM.Collect$$libinit$$00000021)
    .ARM.Collect$$libinit$$00000023          0x08000202   Section        0  libinit2.o(.ARM.Collect$$libinit$$00000023)
    .ARM.Collect$$libinit$$00000025          0x08000202   Section        0  libinit2.o(.ARM.Collect$$libinit$$00000025)
    .ARM.Collect$$libinit$$0000002C          0x08000202   Section        0  libinit2.o(.ARM.Collect$$libinit$$0000002C)
    .ARM.Collect$$libinit$$0000002E          0x08000202   Section        0  libinit2.o(.ARM.Collect$$libinit$$0000002E)
    .ARM.Collect$$libinit$$00000030          0x08000202   Section        0  libinit2.o(.ARM.Collect$$libinit$$00000030)
    .ARM.Collect$$libinit$$00000032          0x08000202   Section        0  libinit2.o(.ARM.Collect$$libinit$$00000032)
    .ARM.Collect$$libinit$$00000033          0x08000202   Section        2  libinit2.o(.ARM.Collect$$libinit$$00000033)
    .ARM.Collect$$libshutdown$$00000000      0x08000204   Section        2  libshutdown.o(.ARM.Collect$$libshutdown$$00000000)
    .ARM.Collect$$libshutdown$$00000002      0x08000206   Section        0  libshutdown2.o(.ARM.Collect$$libshutdown$$00000002)
    .ARM.Collect$$libshutdown$$00000004      0x08000206   Section        0  libshutdown2.o(.ARM.Collect$$libshutdown$$00000004)
    .ARM.Collect$$libshutdown$$00000006      0x08000206   Section        0  libshutdown2.o(.ARM.Collect$$libshutdown$$00000006)
    .ARM.Collect$$libshutdown$$00000009      0x08000206   Section        0  libshutdown2.o(.ARM.Collect$$libshutdown$$00000009)
    .ARM.Collect$$libshutdown$$0000000C      0x08000206   Section        0  libshutdown2.o(.ARM.Collect$$libshutdown$$0000000C)
    .ARM.Collect$$libshutdown$$0000000E      0x08000206   Section        0  libshutdown2.o(.ARM.Collect$$libshutdown$$0000000E)
    .ARM.Collect$$libshutdown$$00000011      0x08000206   Section        0  libshutdown2.o(.ARM.Collect$$libshutdown$$00000011)
    .ARM.Collect$$libshutdown$$00000012      0x08000206   Section        2  libshutdown2.o(.ARM.Collect$$libshutdown$$00000012)
    .ARM.Collect$$rtentry$$00000000          0x08000208   Section        0  __rtentry.o(.ARM.Collect$$rtentry$$00000000)
    .ARM.Collect$$rtentry$$00000002          0x08000208   Section        0  __rtentry2.o(.ARM.Collect$$rtentry$$00000002)
    .ARM.Collect$$rtentry$$00000004          0x08000208   Section        6  __rtentry4.o(.ARM.Collect$$rtentry$$00000004)
    .ARM.Collect$$rtentry$$00000009          0x0800020e   Section        0  __rtentry2.o(.ARM.Collect$$rtentry$$00000009)
    .ARM.Collect$$rtentry$$0000000A          0x0800020e   Section        4  __rtentry2.o(.ARM.Collect$$rtentry$$0000000A)
    .ARM.Collect$$rtentry$$0000000C          0x08000212   Section        0  __rtentry2.o(.ARM.Collect$$rtentry$$0000000C)
    .ARM.Collect$$rtentry$$0000000D          0x08000212   Section        8  __rtentry2.o(.ARM.Collect$$rtentry$$0000000D)
    .ARM.Collect$$rtexit$$00000000           0x0800021a   Section        2  rtexit.o(.ARM.Collect$$rtexit$$00000000)
    .ARM.Collect$$rtexit$$00000002           0x0800021c   Section        0  rtexit2.o(.ARM.Collect$$rtexit$$00000002)
    .ARM.Collect$$rtexit$$00000003           0x0800021c   Section        4  rtexit2.o(.ARM.Collect$$rtexit$$00000003)
    .ARM.Collect$$rtexit$$00000004           0x08000220   Section        6  rtexit2.o(.ARM.Collect$$rtexit$$00000004)
    .text                                    0x08000228   Section      132  startup_stm32l476xx.o(.text)
    $v0                                      0x08000228   Number         0  startup_stm32l476xx.o(.text)
    .text                                    0x080002ac   Section        0  heapauxi.o(.text)
    .text                                    0x080002b2   Section       74  sys_stackheap_outer.o(.text)
    .text                                    0x080002fc   Section        0  exit.o(.text)
    .text                                    0x08000310   Section        8  libspace.o(.text)
    .text                                    0x08000318   Section        0  sys_exit.o(.text)
    .text                                    0x08000324   Section        2  use_no_semi.o(.text)
    .text                                    0x08000326   Section        0  indicate_semi.o(.text)
    i.GYRO_IO_CS_Init                        0x08000328   Section        0  l3gd20.o(i.GYRO_IO_CS_Init)
    i.GYRO_IO_Read                           0x08000378   Section        0  l3gd20.o(i.GYRO_IO_Read)
    i.GYRO_IO_Write                          0x080003d0   Section        0  l3gd20.o(i.GYRO_IO_Write)
    i.GYRO_Init                              0x08000430   Section        0  l3gd20.o(i.GYRO_Init)
    i.Init_USARTx                            0x08000454   Section        0  main.o(i.Init_USARTx)
    i.L3GD20_Init                            0x08000488   Section        0  l3gd20.o(i.L3GD20_Init)
    i.L3GD20_measure                         0x080004d8   Section        0  main.o(i.L3GD20_measure)
    i.LCD_Clear                              0x0800060c   Section        0  lcd.o(i.LCD_Clear)
    i.LCD_Clock_Init                         0x08000644   Section        0  lcd.o(i.LCD_Clock_Init)
    i.LCD_Configure                          0x0800070c   Section        0  lcd.o(i.LCD_Configure)
    i.LCD_Initialization                     0x0800080c   Section        0  lcd.o(i.LCD_Initialization)
    i.LCD_PIN_Init                           0x08000820   Section        0  lcd.o(i.LCD_PIN_Init)
    i.LED_Init                               0x080009d4   Section        0  led.o(i.LED_Init)
    i.SAI_Init                               0x08000a64   Section        0  sai.o(i.SAI_Init)
    i.SPI2_GPIO_Init                         0x08000b68   Section        0  spi.o(i.SPI2_GPIO_Init)
    i.SPI_Delay                              0x08000cb0   Section        0  spi.o(i.SPI_Delay)
    i.SPI_Init                               0x08000cc8   Section        0  spi.o(i.SPI_Init)
    i.SPI_Read                               0x08000ddc   Section        0  spi.o(i.SPI_Read)
    i.SPI_Write                              0x08000e1a   Section        0  spi.o(i.SPI_Write)
    i.SysTick_Handler                        0x08000e58   Section        0  systimer.o(i.SysTick_Handler)
    i.SysTick_Init                           0x08000e68   Section        0  systimer.o(i.SysTick_Init)
    i.System_Clock_Init                      0x08000ef4   Section        0  sysclock.o(i.System_Clock_Init)
    i.UART1_GPIO_Init                        0x08001078   Section        0  uart.o(i.UART1_GPIO_Init)
    i.UART1_Init                             0x08001174   Section        0  uart.o(i.UART1_Init)
    i.UART2_GPIO_Init                        0x0800119c   Section        0  uart.o(i.UART2_GPIO_Init)
    i.UART2_Init                             0x08001298   Section        0  uart.o(i.UART2_Init)
    i.USART1_IRQHandler                      0x080012c0   Section        0  uart.o(i.USART1_IRQHandler)
    i.USART2_IRQHandler                      0x080012e8   Section        0  uart.o(i.USART2_IRQHandler)
    i.USART_Init                             0x08001310   Section        0  uart.o(i.USART_Init)
    i.__NVIC_EnableIRQ                       0x0800138c   Section        0  uart.o(i.__NVIC_EnableIRQ)
    __NVIC_EnableIRQ                         0x0800138d   Thumb Code    34  uart.o(i.__NVIC_EnableIRQ)
    i.__NVIC_SetPriority                     0x080013b0   Section        0  uart.o(i.__NVIC_SetPriority)
    __NVIC_SetPriority                       0x080013b1   Thumb Code    32  uart.o(i.__NVIC_SetPriority)
    i.buffer_q_almostfull                    0x080013d8   Section        0  sample_buffer.o(i.buffer_q_almostfull)
    i.buffer_q_empty                         0x08001404   Section        0  sample_buffer.o(i.buffer_q_empty)
    i.buffer_q_get                           0x0800141c   Section        0  sample_buffer.o(i.buffer_q_get)
    i.buffer_q_init                          0x08001444   Section        0  sample_buffer.o(i.buffer_q_init)
    i.buffer_q_pop                           0x08001478   Section        0  sample_buffer.o(i.buffer_q_pop)
    i.buffer_q_push                          0x080014c8   Section        0  sample_buffer.o(i.buffer_q_push)
    i.cs43l22_init                           0x08001530   Section        0  cs43l22.o(i.cs43l22_init)
    i.cs43l22_play                           0x080018e4   Section        0  cs43l22.o(i.cs43l22_play)
    i.cs43l22_set_volume                     0x08001920   Section        0  cs43l22.o(i.cs43l22_set_volume)
    i.handle_RXNE                            0x080019e8   Section        0  uart.o(i.handle_RXNE)
    i.i2c_init                               0x08001a58   Section        0  i2c.o(i.i2c_init)
    i.i2c_send_data                          0x08001c2c   Section        0  i2c.o(i.i2c_send_data)
    i.i2c_start                              0x08001ca0   Section        0  i2c.o(i.i2c_start)
    i.i2c_stop                               0x08001cf4   Section        0  i2c.o(i.i2c_stop)
    i.i2c_wait_line_idle                     0x08001d12   Section        0  i2c.o(i.i2c_wait_line_idle)
    i.main                                   0x08001d24   Section        0  main.o(i.main)
    x$fpl$dadd                               0x08001e34   Section      336  daddsub_clz.o(x$fpl$dadd)
    $v0                                      0x08001e34   Number         0  daddsub_clz.o(x$fpl$dadd)
    _dadd1                                   0x08001e45   Thumb Code     0  daddsub_clz.o(x$fpl$dadd)
    x$fpl$dcmpinf                            0x08001f84   Section       24  dcmpi.o(x$fpl$dcmpinf)
    $v0                                      0x08001f84   Number         0  dcmpi.o(x$fpl$dcmpinf)
    x$fpl$ddiv                               0x08001f9c   Section      688  ddiv.o(x$fpl$ddiv)
    $v0                                      0x08001f9c   Number         0  ddiv.o(x$fpl$ddiv)
    ddiv_entry                               0x08001fa3   Thumb Code     0  ddiv.o(x$fpl$ddiv)
    x$fpl$dflt                               0x0800224c   Section       46  dflt_clz.o(x$fpl$dflt)
    $v0                                      0x0800224c   Number         0  dflt_clz.o(x$fpl$dflt)
    x$fpl$dleqf                              0x0800227c   Section      120  dleqf.o(x$fpl$dleqf)
    $v0                                      0x0800227c   Number         0  dleqf.o(x$fpl$dleqf)
    x$fpl$dmul                               0x080022f4   Section      340  dmul.o(x$fpl$dmul)
    $v0                                      0x080022f4   Number         0  dmul.o(x$fpl$dmul)
    x$fpl$dnaninf                            0x08002448   Section      156  dnaninf.o(x$fpl$dnaninf)
    $v0                                      0x08002448   Number         0  dnaninf.o(x$fpl$dnaninf)
    x$fpl$dretinf                            0x080024e4   Section       12  dretinf.o(x$fpl$dretinf)
    $v0                                      0x080024e4   Number         0  dretinf.o(x$fpl$dretinf)
    x$fpl$drleqf                             0x080024f0   Section      108  drleqf.o(x$fpl$drleqf)
    $v0                                      0x080024f0   Number         0  drleqf.o(x$fpl$drleqf)
    x$fpl$dsub                               0x0800255c   Section      468  daddsub_clz.o(x$fpl$dsub)
    $v0                                      0x0800255c   Number         0  daddsub_clz.o(x$fpl$dsub)
    _dsub1                                   0x0800256d   Thumb Code     0  daddsub_clz.o(x$fpl$dsub)
    x$fpl$fpinit                             0x08002730   Section       10  fpinit.o(x$fpl$fpinit)
    $v0                                      0x08002730   Number         0  fpinit.o(x$fpl$fpinit)
    x$fpl$usenofp                            0x0800273a   Section        0  usenofp.o(x$fpl$usenofp)
    .data                                    0x20000000   Section        8  main.o(.data)
    .data                                    0x20000008   Section       14  sample_buffer.o(.data)
    .data                                    0x20000016   Section       12  uart.o(.data)
    .data                                    0x20000024   Section        4  i2c.o(.data)
    .data                                    0x20000028   Section        4  systimer.o(.data)
    .bss                                     0x2000002c   Section    65536  sample_buffer.o(.bss)
    .bss                                     0x2001002c   Section       96  libspace.o(.bss)
    HEAP                                     0x20010090   Section      512  startup_stm32l476xx.o(HEAP)
    Heap_Mem                                 0x20010090   Data         512  startup_stm32l476xx.o(HEAP)
    STACK                                    0x20010290   Section     1024  startup_stm32l476xx.o(STACK)
    Stack_Mem                                0x20010290   Data        1024  startup_stm32l476xx.o(STACK)
    __initial_sp                             0x20010690   Data           0  startup_stm32l476xx.o(STACK)

    Global Symbols

    Symbol Name                              Value     Ov Type        Size  Object(Section)

    BuildAttributes$$THM_ISAv4$E$P$D$K$B$S$7EM$VFPi3$EXTD16$VFPS$VFMA$PE$A:L22UL41UL21$X:L11$S22US41US21$IEEE1$IW$USESV6$~STKCKD$USESV7$~SHL$OSPACE$ROPI$EBA8$UX$STANDARDLIB$REQ8$PRES8$EABIv2 0x00000000   Number         0  anon$$obj.o ABSOLUTE
    Image$$ER_IROM1$$RW$$Length              0x00000000   Number         0  anon$$obj.o ABSOLUTE
    Image$$ER_IROM1$$ZI$$Length              0x00000000   Number         0  anon$$obj.o ABSOLUTE
    Image$$RW_IRAM1$$RO$$Length              0x00000000   Number         0  anon$$obj.o ABSOLUTE
    __ARM_use_no_argv                        0x00000000   Number         0  main.o ABSOLUTE
    __ARM_exceptions_init                     - Undefined Weak Reference
    __alloca_initialize                       - Undefined Weak Reference
    __arm_fini_                               - Undefined Weak Reference
    __arm_preinit_                            - Undefined Weak Reference
    __cpp_initialize__aeabi_                  - Undefined Weak Reference
    __cxa_finalize                            - Undefined Weak Reference
    __rt_locale                               - Undefined Weak Reference
    __sigvec_lookup                           - Undefined Weak Reference
    _atexit_init                              - Undefined Weak Reference
    _call_atexit_fns                          - Undefined Weak Reference
    _clock_init                               - Undefined Weak Reference
    _fp_trap_init                             - Undefined Weak Reference
    _fp_trap_shutdown                         - Undefined Weak Reference
    _get_lc_collate                           - Undefined Weak Reference
    _get_lc_ctype                             - Undefined Weak Reference
    _get_lc_monetary                          - Undefined Weak Reference
    _get_lc_numeric                           - Undefined Weak Reference
    _get_lc_time                              - Undefined Weak Reference
    _getenv_init                              - Undefined Weak Reference
    _handle_redirection                       - Undefined Weak Reference
    _init_alloc                               - Undefined Weak Reference
    _init_user_alloc                          - Undefined Weak Reference
    _initio                                   - Undefined Weak Reference
    _rand_init                                - Undefined Weak Reference
    _signal_finish                            - Undefined Weak Reference
    _signal_init                              - Undefined Weak Reference
    _terminate_alloc                          - Undefined Weak Reference
    _terminate_user_alloc                     - Undefined Weak Reference
    _terminateio                              - Undefined Weak Reference
    Image$$RW_IRAM1$$Length                  0x0000002c   Number         0  anon$$obj.o ABSOLUTE
    Image$$RW_IRAM1$$RW$$Length              0x0000002c   Number         0  anon$$obj.o ABSOLUTE
    __Vectors_Size                           0x00000188   Number         0  startup_stm32l476xx.o ABSOLUTE
    Image$$ER_IROM1$$RO$$Length              0x0000275c   Number         0  anon$$obj.o ABSOLUTE
    Image$$RW_IRAM1$$ZI$$Length              0x00010664   Number         0  anon$$obj.o ABSOLUTE
    Image$$ER_IROM1$$RO$$Base                0x08000000   Number         0  anon$$obj.o ABSOLUTE
    Load$$ER_IROM1$$Base                     0x08000000   Number         0  anon$$obj.o ABSOLUTE
    __Vectors                                0x08000000   Data           4  startup_stm32l476xx.o(RESET)
    __Vectors_End                            0x08000188   Data           0  startup_stm32l476xx.o(RESET)
    __main                                   0x08000189   Thumb Code     8  __main.o(!!!main)
    __scatterload                            0x08000191   Thumb Code     0  __scatter.o(!!!scatter)
    __scatterload_rt2                        0x08000191   Thumb Code    44  __scatter.o(!!!scatter)
    __scatterload_rt2_thumb_only             0x08000191   Thumb Code     0  __scatter.o(!!!scatter)
    __scatterload_null                       0x0800019f   Thumb Code     0  __scatter.o(!!!scatter)
    __scatterload_copy                       0x080001c5   Thumb Code    26  __scatter_copy.o(!!handler_copy)
    __scatterload_zeroinit                   0x080001e1   Thumb Code    28  __scatter_zi.o(!!handler_zi)
    __rt_lib_init                            0x080001fd   Thumb Code     0  libinit.o(.ARM.Collect$$libinit$$00000000)
    __rt_lib_init_fp_1                       0x080001ff   Thumb Code     0  libinit2.o(.ARM.Collect$$libinit$$00000001)
    __rt_lib_init_alloca_1                   0x08000203   Thumb Code     0  libinit2.o(.ARM.Collect$$libinit$$0000002E)
    __rt_lib_init_argv_1                     0x08000203   Thumb Code     0  libinit2.o(.ARM.Collect$$libinit$$0000002C)
    __rt_lib_init_atexit_1                   0x08000203   Thumb Code     0  libinit2.o(.ARM.Collect$$libinit$$0000001B)
    __rt_lib_init_clock_1                    0x08000203   Thumb Code     0  libinit2.o(.ARM.Collect$$libinit$$00000021)
    __rt_lib_init_cpp_1                      0x08000203   Thumb Code     0  libinit2.o(.ARM.Collect$$libinit$$00000032)
    __rt_lib_init_exceptions_1               0x08000203   Thumb Code     0  libinit2.o(.ARM.Collect$$libinit$$00000030)
    __rt_lib_init_fp_trap_1                  0x08000203   Thumb Code     0  libinit2.o(.ARM.Collect$$libinit$$0000001F)
    __rt_lib_init_getenv_1                   0x08000203   Thumb Code     0  libinit2.o(.ARM.Collect$$libinit$$00000023)
    __rt_lib_init_heap_1                     0x08000203   Thumb Code     0  libinit2.o(.ARM.Collect$$libinit$$0000000A)
    __rt_lib_init_lc_collate_1               0x08000203   Thumb Code     0  libinit2.o(.ARM.Collect$$libinit$$00000011)
    __rt_lib_init_lc_ctype_1                 0x08000203   Thumb Code     0  libinit2.o(.ARM.Collect$$libinit$$00000013)
    __rt_lib_init_lc_monetary_1              0x08000203   Thumb Code     0  libinit2.o(.ARM.Collect$$libinit$$00000015)
    __rt_lib_init_lc_numeric_1               0x08000203   Thumb Code     0  libinit2.o(.ARM.Collect$$libinit$$00000017)
    __rt_lib_init_lc_time_1                  0x08000203   Thumb Code     0  libinit2.o(.ARM.Collect$$libinit$$00000019)
    __rt_lib_init_preinit_1                  0x08000203   Thumb Code     0  libinit2.o(.ARM.Collect$$libinit$$00000004)
    __rt_lib_init_rand_1                     0x08000203   Thumb Code     0  libinit2.o(.ARM.Collect$$libinit$$0000000E)
    __rt_lib_init_return                     0x08000203   Thumb Code     0  libinit2.o(.ARM.Collect$$libinit$$00000033)
    __rt_lib_init_signal_1                   0x08000203   Thumb Code     0  libinit2.o(.ARM.Collect$$libinit$$0000001D)
    __rt_lib_init_stdio_1                    0x08000203   Thumb Code     0  libinit2.o(.ARM.Collect$$libinit$$00000025)
    __rt_lib_init_user_alloc_1               0x08000203   Thumb Code     0  libinit2.o(.ARM.Collect$$libinit$$0000000C)
    __rt_lib_shutdown                        0x08000205   Thumb Code     0  libshutdown.o(.ARM.Collect$$libshutdown$$00000000)
    __rt_lib_shutdown_cpp_1                  0x08000207   Thumb Code     0  libshutdown2.o(.ARM.Collect$$libshutdown$$00000004)
    __rt_lib_shutdown_fini_1                 0x08000207   Thumb Code     0  libshutdown2.o(.ARM.Collect$$libshutdown$$00000002)
    __rt_lib_shutdown_fp_trap_1              0x08000207   Thumb Code     0  libshutdown2.o(.ARM.Collect$$libshutdown$$00000009)
    __rt_lib_shutdown_heap_1                 0x08000207   Thumb Code     0  libshutdown2.o(.ARM.Collect$$libshutdown$$00000011)
    __rt_lib_shutdown_return                 0x08000207   Thumb Code     0  libshutdown2.o(.ARM.Collect$$libshutdown$$00000012)
    __rt_lib_shutdown_signal_1               0x08000207   Thumb Code     0  libshutdown2.o(.ARM.Collect$$libshutdown$$0000000C)
    __rt_lib_shutdown_stdio_1                0x08000207   Thumb Code     0  libshutdown2.o(.ARM.Collect$$libshutdown$$00000006)
    __rt_lib_shutdown_user_alloc_1           0x08000207   Thumb Code     0  libshutdown2.o(.ARM.Collect$$libshutdown$$0000000E)
    __rt_entry                               0x08000209   Thumb Code     0  __rtentry.o(.ARM.Collect$$rtentry$$00000000)
    __rt_entry_presh_1                       0x08000209   Thumb Code     0  __rtentry2.o(.ARM.Collect$$rtentry$$00000002)
    __rt_entry_sh                            0x08000209   Thumb Code     0  __rtentry4.o(.ARM.Collect$$rtentry$$00000004)
    __rt_entry_li                            0x0800020f   Thumb Code     0  __rtentry2.o(.ARM.Collect$$rtentry$$0000000A)
    __rt_entry_postsh_1                      0x0800020f   Thumb Code     0  __rtentry2.o(.ARM.Collect$$rtentry$$00000009)
    __rt_entry_main                          0x08000213   Thumb Code     0  __rtentry2.o(.ARM.Collect$$rtentry$$0000000D)
    __rt_entry_postli_1                      0x08000213   Thumb Code     0  __rtentry2.o(.ARM.Collect$$rtentry$$0000000C)
    __rt_exit                                0x0800021b   Thumb Code     0  rtexit.o(.ARM.Collect$$rtexit$$00000000)
    __rt_exit_ls                             0x0800021d   Thumb Code     0  rtexit2.o(.ARM.Collect$$rtexit$$00000003)
    __rt_exit_prels_1                        0x0800021d   Thumb Code     0  rtexit2.o(.ARM.Collect$$rtexit$$00000002)
    __rt_exit_exit                           0x08000221   Thumb Code     0  rtexit2.o(.ARM.Collect$$rtexit$$00000004)
    Reset_Handler                            0x08000229   Thumb Code    60  startup_stm32l476xx.o(.text)
    NMI_Handler                              0x08000265   Thumb Code     2  startup_stm32l476xx.o(.text)
    HardFault_Handler                        0x08000267   Thumb Code     2  startup_stm32l476xx.o(.text)
    MemManage_Handler                        0x08000269   Thumb Code     2  startup_stm32l476xx.o(.text)
    BusFault_Handler                         0x0800026b   Thumb Code     2  startup_stm32l476xx.o(.text)
    UsageFault_Handler                       0x0800026d   Thumb Code     2  startup_stm32l476xx.o(.text)
    SVC_Handler                              0x0800026f   Thumb Code     2  startup_stm32l476xx.o(.text)
    DebugMon_Handler                         0x08000271   Thumb Code     2  startup_stm32l476xx.o(.text)
    PendSV_Handler                           0x08000273   Thumb Code     2  startup_stm32l476xx.o(.text)
    ADC1_2_IRQHandler                        0x08000277   Thumb Code     0  startup_stm32l476xx.o(.text)
    ADC3_IRQHandler                          0x08000277   Thumb Code     0  startup_stm32l476xx.o(.text)
    CAN1_RX0_IRQHandler                      0x08000277   Thumb Code     0  startup_stm32l476xx.o(.text)
    CAN1_RX1_IRQHandler                      0x08000277   Thumb Code     0  startup_stm32l476xx.o(.text)
    CAN1_SCE_IRQHandler                      0x08000277   Thumb Code     0  startup_stm32l476xx.o(.text)
    CAN1_TX_IRQHandler                       0x08000277   Thumb Code     0  startup_stm32l476xx.o(.text)
    COMP_IRQHandler                          0x08000277   Thumb Code     0  startup_stm32l476xx.o(.text)
    DFSDM0_IRQHandler                        0x08000277   Thumb Code     0  startup_stm32l476xx.o(.text)
    DFSDM1_IRQHandler                        0x08000277   Thumb Code     0  startup_stm32l476xx.o(.text)
    DFSDM2_IRQHandler                        0x08000277   Thumb Code     0  startup_stm32l476xx.o(.text)
    DFSDM3_IRQHandler                        0x08000277   Thumb Code     0  startup_stm32l476xx.o(.text)
    DMA1_Channel1_IRQHandler                 0x08000277   Thumb Code     0  startup_stm32l476xx.o(.text)
    DMA1_Channel2_IRQHandler                 0x08000277   Thumb Code     0  startup_stm32l476xx.o(.text)
    DMA1_Channel3_IRQHandler                 0x08000277   Thumb Code     0  startup_stm32l476xx.o(.text)
    DMA1_Channel4_IRQHandler                 0x08000277   Thumb Code     0  startup_stm32l476xx.o(.text)
    DMA1_Channel5_IRQHandler                 0x08000277   Thumb Code     0  startup_stm32l476xx.o(.text)
    DMA1_Channel6_IRQHandler                 0x08000277   Thumb Code     0  startup_stm32l476xx.o(.text)
    DMA1_Channel7_IRQHandler                 0x08000277   Thumb Code     0  startup_stm32l476xx.o(.text)
    DMA2_Channel1_IRQHandler                 0x08000277   Thumb Code     0  startup_stm32l476xx.o(.text)
    DMA2_Channel2_IRQHandler                 0x08000277   Thumb Code     0  startup_stm32l476xx.o(.text)
    DMA2_Channel3_IRQHandler                 0x08000277   Thumb Code     0  startup_stm32l476xx.o(.text)
    DMA2_Channel4_IRQHandler                 0x08000277   Thumb Code     0  startup_stm32l476xx.o(.text)
    DMA2_Channel5_IRQHandler                 0x08000277   Thumb Code     0  startup_stm32l476xx.o(.text)
    DMA2_Channel6_IRQHandler                 0x08000277   Thumb Code     0  startup_stm32l476xx.o(.text)
    DMA2_Channel7_IRQHandler                 0x08000277   Thumb Code     0  startup_stm32l476xx.o(.text)
    EXTI0_IRQHandler                         0x08000277   Thumb Code     0  startup_stm32l476xx.o(.text)
    EXTI15_10_IRQHandler                     0x08000277   Thumb Code     0  startup_stm32l476xx.o(.text)
    EXTI1_IRQHandler                         0x08000277   Thumb Code     0  startup_stm32l476xx.o(.text)
    EXTI2_IRQHandler                         0x08000277   Thumb Code     0  startup_stm32l476xx.o(.text)
    EXTI3_IRQHandler                         0x08000277   Thumb Code     0  startup_stm32l476xx.o(.text)
    EXTI4_IRQHandler                         0x08000277   Thumb Code     0  startup_stm32l476xx.o(.text)
    EXTI9_5_IRQHandler                       0x08000277   Thumb Code     0  startup_stm32l476xx.o(.text)
    FLASH_IRQHandler                         0x08000277   Thumb Code     0  startup_stm32l476xx.o(.text)
    FMC_IRQHandler                           0x08000277   Thumb Code     0  startup_stm32l476xx.o(.text)
    FPU_IRQHandler                           0x08000277   Thumb Code     0  startup_stm32l476xx.o(.text)
    I2C1_ER_IRQHandler                       0x08000277   Thumb Code     0  startup_stm32l476xx.o(.text)
    I2C1_EV_IRQHandler                       0x08000277   Thumb Code     0  startup_stm32l476xx.o(.text)
    I2C2_ER_IRQHandler                       0x08000277   Thumb Code     0  startup_stm32l476xx.o(.text)
    I2C2_EV_IRQHandler                       0x08000277   Thumb Code     0  startup_stm32l476xx.o(.text)
    I2C3_ER_IRQHandler                       0x08000277   Thumb Code     0  startup_stm32l476xx.o(.text)
    I2C3_EV_IRQHandler                       0x08000277   Thumb Code     0  startup_stm32l476xx.o(.text)
    LCD_IRQHandler                           0x08000277   Thumb Code     0  startup_stm32l476xx.o(.text)
    LPTIM1_IRQHandler                        0x08000277   Thumb Code     0  startup_stm32l476xx.o(.text)
    LPTIM2_IRQHandler                        0x08000277   Thumb Code     0  startup_stm32l476xx.o(.text)
    LPUART1_IRQHandler                       0x08000277   Thumb Code     0  startup_stm32l476xx.o(.text)
    OTG_FS_IRQHandler                        0x08000277   Thumb Code     0  startup_stm32l476xx.o(.text)
    PVD_PVM_IRQHandler                       0x08000277   Thumb Code     0  startup_stm32l476xx.o(.text)
    QUADSPI_IRQHandler                       0x08000277   Thumb Code     0  startup_stm32l476xx.o(.text)
    RCC_IRQHandler                           0x08000277   Thumb Code     0  startup_stm32l476xx.o(.text)
    RNG_IRQHandler                           0x08000277   Thumb Code     0  startup_stm32l476xx.o(.text)
    RTC_Alarm_IRQHandler                     0x08000277   Thumb Code     0  startup_stm32l476xx.o(.text)
    RTC_WKUP_IRQHandler                      0x08000277   Thumb Code     0  startup_stm32l476xx.o(.text)
    SAI1_IRQHandler                          0x08000277   Thumb Code     0  startup_stm32l476xx.o(.text)
    SAI2_IRQHandler                          0x08000277   Thumb Code     0  startup_stm32l476xx.o(.text)
    SDMMC1_IRQHandler                        0x08000277   Thumb Code     0  startup_stm32l476xx.o(.text)
    SPI1_IRQHandler                          0x08000277   Thumb Code     0  startup_stm32l476xx.o(.text)
    SPI2_IRQHandler                          0x08000277   Thumb Code     0  startup_stm32l476xx.o(.text)
    SPI3_IRQHandler                          0x08000277   Thumb Code     0  startup_stm32l476xx.o(.text)
    SWPMI1_IRQHandler                        0x08000277   Thumb Code     0  startup_stm32l476xx.o(.text)
    TAMP_STAMP_IRQHandler                    0x08000277   Thumb Code     0  startup_stm32l476xx.o(.text)
    TIM1_BRK_TIM15_IRQHandler                0x08000277   Thumb Code     0  startup_stm32l476xx.o(.text)
    TIM1_CC_IRQHandler                       0x08000277   Thumb Code     0  startup_stm32l476xx.o(.text)
    TIM1_TRG_COM_TIM17_IRQHandler            0x08000277   Thumb Code     0  startup_stm32l476xx.o(.text)
    TIM1_UP_TIM16_IRQHandler                 0x08000277   Thumb Code     0  startup_stm32l476xx.o(.text)
    TIM2_IRQHandler                          0x08000277   Thumb Code     0  startup_stm32l476xx.o(.text)
    TIM3_IRQHandler                          0x08000277   Thumb Code     0  startup_stm32l476xx.o(.text)
    TIM4_IRQHandler                          0x08000277   Thumb Code     0  startup_stm32l476xx.o(.text)
    TIM5_IRQHandler                          0x08000277   Thumb Code     0  startup_stm32l476xx.o(.text)
    TIM6_DAC_IRQHandler                      0x08000277   Thumb Code     0  startup_stm32l476xx.o(.text)
    TIM7_IRQHandler                          0x08000277   Thumb Code     0  startup_stm32l476xx.o(.text)
    TIM8_BRK_IRQHandler                      0x08000277   Thumb Code     0  startup_stm32l476xx.o(.text)
    TIM8_CC_IRQHandler                       0x08000277   Thumb Code     0  startup_stm32l476xx.o(.text)
    TIM8_TRG_COM_IRQHandler                  0x08000277   Thumb Code     0  startup_stm32l476xx.o(.text)
    TIM8_UP_IRQHandler                       0x08000277   Thumb Code     0  startup_stm32l476xx.o(.text)
    TSC_IRQHandler                           0x08000277   Thumb Code     0  startup_stm32l476xx.o(.text)
    UART4_IRQHandler                         0x08000277   Thumb Code     0  startup_stm32l476xx.o(.text)
    UART5_IRQHandler                         0x08000277   Thumb Code     0  startup_stm32l476xx.o(.text)
    USART3_IRQHandler                        0x08000277   Thumb Code     0  startup_stm32l476xx.o(.text)
    WWDG_IRQHandler                          0x08000277   Thumb Code     0  startup_stm32l476xx.o(.text)
    __user_initial_stackheap                 0x08000279   Thumb Code     0  startup_stm32l476xx.o(.text)
    __use_two_region_memory                  0x080002ad   Thumb Code     2  heapauxi.o(.text)
    __rt_heap_escrow$2region                 0x080002af   Thumb Code     2  heapauxi.o(.text)
    __rt_heap_expand$2region                 0x080002b1   Thumb Code     2  heapauxi.o(.text)
    __user_setup_stackheap                   0x080002b3   Thumb Code    74  sys_stackheap_outer.o(.text)
    exit                                     0x080002fd   Thumb Code    18  exit.o(.text)
    __user_libspace                          0x08000311   Thumb Code     8  libspace.o(.text)
    __user_perproc_libspace                  0x08000311   Thumb Code     0  libspace.o(.text)
    __user_perthread_libspace                0x08000311   Thumb Code     0  libspace.o(.text)
    _sys_exit                                0x08000319   Thumb Code     8  sys_exit.o(.text)
    __I$use$semihosting                      0x08000325   Thumb Code     0  use_no_semi.o(.text)
    __use_no_semihosting_swi                 0x08000325   Thumb Code     2  use_no_semi.o(.text)
    __semihosting_library_function           0x08000327   Thumb Code     0  indicate_semi.o(.text)
    GYRO_IO_CS_Init                          0x08000329   Thumb Code    76  l3gd20.o(i.GYRO_IO_CS_Init)
    GYRO_IO_Read                             0x08000379   Thumb Code    78  l3gd20.o(i.GYRO_IO_Read)
    GYRO_IO_Write                            0x080003d1   Thumb Code    86  l3gd20.o(i.GYRO_IO_Write)
    GYRO_Init                                0x08000431   Thumb Code    32  l3gd20.o(i.GYRO_Init)
    Init_USARTx                              0x08000455   Thumb Code    44  main.o(i.Init_USARTx)
    L3GD20_Init                              0x08000489   Thumb Code    78  l3gd20.o(i.L3GD20_Init)
    L3GD20_measure                           0x080004d9   Thumb Code   262  main.o(i.L3GD20_measure)
    LCD_Clear                                0x0800060d   Thumb Code    52  lcd.o(i.LCD_Clear)
    LCD_Clock_Init                           0x08000645   Thumb Code   190  lcd.o(i.LCD_Clock_Init)
    LCD_Configure                            0x0800070d   Thumb Code   252  lcd.o(i.LCD_Configure)
    LCD_Initialization                       0x0800080d   Thumb Code    20  lcd.o(i.LCD_Initialization)
    LCD_PIN_Init                             0x08000821   Thumb Code   378  lcd.o(i.LCD_PIN_Init)
    LED_Init                                 0x080009d5   Thumb Code   132  led.o(i.LED_Init)
    SAI_Init                                 0x08000a65   Thumb Code   248  sai.o(i.SAI_Init)
    SPI2_GPIO_Init                           0x08000b69   Thumb Code   318  spi.o(i.SPI2_GPIO_Init)
    SPI_Delay                                0x08000cb1   Thumb Code    22  spi.o(i.SPI_Delay)
    SPI_Init                                 0x08000cc9   Thumb Code   268  spi.o(i.SPI_Init)
    SPI_Read                                 0x08000ddd   Thumb Code    62  spi.o(i.SPI_Read)
    SPI_Write                                0x08000e1b   Thumb Code    62  spi.o(i.SPI_Write)
    SysTick_Handler                          0x08000e59   Thumb Code    12  systimer.o(i.SysTick_Handler)
    SysTick_Init                             0x08000e69   Thumb Code   128  systimer.o(i.SysTick_Init)
    System_Clock_Init                        0x08000ef5   Thumb Code   380  sysclock.o(i.System_Clock_Init)
    UART1_GPIO_Init                          0x08001079   Thumb Code   244  uart.o(i.UART1_GPIO_Init)
    UART1_Init                               0x08001175   Thumb Code    34  uart.o(i.UART1_Init)
    UART2_GPIO_Init                          0x0800119d   Thumb Code   244  uart.o(i.UART2_GPIO_Init)
    UART2_Init                               0x08001299   Thumb Code    34  uart.o(i.UART2_Init)
    USART1_IRQHandler                        0x080012c1   Thumb Code    34  uart.o(i.USART1_IRQHandler)
    USART2_IRQHandler                        0x080012e9   Thumb Code    34  uart.o(i.USART2_IRQHandler)
    USART_Init                               0x08001311   Thumb Code   116  uart.o(i.USART_Init)
    buffer_q_almostfull                      0x080013d9   Thumb Code    34  sample_buffer.o(i.buffer_q_almostfull)
    buffer_q_empty                           0x08001405   Thumb Code    20  sample_buffer.o(i.buffer_q_empty)
    buffer_q_get                             0x0800141d   Thumb Code    26  sample_buffer.o(i.buffer_q_get)
    buffer_q_init                            0x08001445   Thumb Code    30  sample_buffer.o(i.buffer_q_init)
    buffer_q_pop                             0x08001479   Thumb Code    60  sample_buffer.o(i.buffer_q_pop)
    buffer_q_push                            0x080014c9   Thumb Code    80  sample_buffer.o(i.buffer_q_push)
    cs43l22_init                             0x08001531   Thumb Code   928  cs43l22.o(i.cs43l22_init)
    cs43l22_play                             0x080018e5   Thumb Code    54  cs43l22.o(i.cs43l22_play)
    cs43l22_set_volume                       0x08001921   Thumb Code   196  cs43l22.o(i.cs43l22_set_volume)
    handle_RXNE                              0x080019e9   Thumb Code    94  uart.o(i.handle_RXNE)
    i2c_init                                 0x08001a59   Thumb Code   454  i2c.o(i.i2c_init)
    i2c_send_data                            0x08001c2d   Thumb Code   114  i2c.o(i.i2c_send_data)
    i2c_start                                0x08001ca1   Thumb Code    80  i2c.o(i.i2c_start)
    i2c_stop                                 0x08001cf5   Thumb Code    30  i2c.o(i.i2c_stop)
    i2c_wait_line_idle                       0x08001d13   Thumb Code    16  i2c.o(i.i2c_wait_line_idle)
    main                                     0x08001d25   Thumb Code   246  main.o(i.main)
    __aeabi_dadd                             0x08001e35   Thumb Code     0  daddsub_clz.o(x$fpl$dadd)
    _dadd                                    0x08001e35   Thumb Code   332  daddsub_clz.o(x$fpl$dadd)
    __fpl_dcmp_Inf                           0x08001f85   Thumb Code    24  dcmpi.o(x$fpl$dcmpinf)
    __aeabi_ddiv                             0x08001f9d   Thumb Code     0  ddiv.o(x$fpl$ddiv)
    _ddiv                                    0x08001f9d   Thumb Code   552  ddiv.o(x$fpl$ddiv)
    __aeabi_i2d                              0x0800224d   Thumb Code     0  dflt_clz.o(x$fpl$dflt)
    _dflt                                    0x0800224d   Thumb Code    46  dflt_clz.o(x$fpl$dflt)
    __aeabi_cdcmple                          0x0800227d   Thumb Code     0  dleqf.o(x$fpl$dleqf)
    _dcmple                                  0x0800227d   Thumb Code   120  dleqf.o(x$fpl$dleqf)
    __fpl_dcmple_InfNaN                      0x080022df   Thumb Code     0  dleqf.o(x$fpl$dleqf)
    __aeabi_dmul                             0x080022f5   Thumb Code     0  dmul.o(x$fpl$dmul)
    _dmul                                    0x080022f5   Thumb Code   332  dmul.o(x$fpl$dmul)
    __fpl_dnaninf                            0x08002449   Thumb Code   156  dnaninf.o(x$fpl$dnaninf)
    __fpl_dretinf                            0x080024e5   Thumb Code    12  dretinf.o(x$fpl$dretinf)
    __aeabi_cdrcmple                         0x080024f1   Thumb Code     0  drleqf.o(x$fpl$drleqf)
    _drcmple                                 0x080024f1   Thumb Code   108  drleqf.o(x$fpl$drleqf)
    __aeabi_dsub                             0x0800255d   Thumb Code     0  daddsub_clz.o(x$fpl$dsub)
    _dsub                                    0x0800255d   Thumb Code   464  daddsub_clz.o(x$fpl$dsub)
    _fp_init                                 0x08002731   Thumb Code    10  fpinit.o(x$fpl$fpinit)
    __fplib_config_fpu_vfp                   0x08002739   Thumb Code     0  fpinit.o(x$fpl$fpinit)
    __fplib_config_pureend_doubles           0x08002739   Thumb Code     0  fpinit.o(x$fpl$fpinit)
    __I$use$fp                               0x0800273a   Number         0  usenofp.o(x$fpl$usenofp)
    Region$$Table$$Base                      0x0800273c   Number         0  anon$$obj.o(Region$$Table)
    Image$$ER_IROM1$$RO$$Limit               0x0800275c   Number         0  anon$$obj.o ABSOLUTE
    Image$$ER_IROM1$$RW$$Base                0x0800275c   Number         0  anon$$obj.o ABSOLUTE
    Image$$ER_IROM1$$RW$$Limit               0x0800275c   Number         0  anon$$obj.o ABSOLUTE
    Image$$ER_IROM1$$ZI$$Base                0x0800275c   Number         0  anon$$obj.o ABSOLUTE
    Image$$ER_IROM1$$ZI$$Limit               0x0800275c   Number         0  anon$$obj.o ABSOLUTE
    Load$$RW_IRAM1$$Base                     0x0800275c   Number         0  anon$$obj.o ABSOLUTE
    Region$$Table$$Limit                     0x0800275c   Number         0  anon$$obj.o(Region$$Table)
    Image$$RW_IRAM1$$Base                    0x20000000   Number         0  anon$$obj.o ABSOLUTE
    Image$$RW_IRAM1$$RO$$Base                0x20000000   Number         0  anon$$obj.o ABSOLUTE
    Image$$RW_IRAM1$$RW$$Base                0x20000000   Number         0  anon$$obj.o ABSOLUTE
    Z                                        0x20000000   Data           8  main.o(.data)
    BUFFER_Q_head                            0x20000008   Data           4  sample_buffer.o(.data)
    BUFFER_Q_tail                            0x2000000c   Data           4  sample_buffer.o(.data)
    BUFFER_Q_size                            0x20000010   Data           4  sample_buffer.o(.data)
    BUFFER_Q_full                            0x20000014   Data           1  sample_buffer.o(.data)
    BUFFER_Q_empty                           0x20000015   Data           1  sample_buffer.o(.data)
    LCD_MESSAGE                              0x20000016   Data           6  uart.o(.data)
    state                                    0x2000001c   Data           1  uart.o(.data)
    left_sample                              0x2000001e   Data           2  uart.o(.data)
    right_sample                             0x20000020   Data           2  uart.o(.data)
    krg                                      0x20000024   Data           4  i2c.o(.data)
    msTicks                                  0x20000028   Data           4  systimer.o(.data)
    BUFFER_Q                                 0x2000002c   Data       65536  sample_buffer.o(.bss)
    Image$$RW_IRAM1$$Limit                   0x2000002c   Number         0  anon$$obj.o ABSOLUTE
    Image$$RW_IRAM1$$RW$$Limit               0x2000002c   Number         0  anon$$obj.o ABSOLUTE
    Image$$RW_IRAM1$$ZI$$Base                0x2000002c   Number         0  anon$$obj.o ABSOLUTE
    __libspace_start                         0x2001002c   Data          96  libspace.o(.bss)
    __temporary_stack_top$libspace           0x2001008c   Data           0  libspace.o(.bss)
    Image$$RW_IRAM1$$ZI$$Limit               0x20010690   Number         0  anon$$obj.o ABSOLUTE



==============================================================================

Memory Map of the image

  Image Entry point : 0x08000189

  Load Region LR_IROM1 (Base: 0x08000000, Size: 0x00002788, Max: 0x00100000, ABSOLUTE)

    Execution Region ER_IROM1 (Exec base: 0x08000000, Load base: 0x08000000, Size: 0x0000275c, Max: 0x00100000, ABSOLUTE)

    Exec Addr    Load Addr    Size         Type   Attr      Idx    E Section Name        Object

    0x08000000   0x08000000   0x00000188   Data   RO          311    RESET               startup_stm32l476xx.o
    0x08000188   0x08000188   0x00000008   Code   RO          750  * !!!main             c_w.l(__main.o)
    0x08000190   0x08000190   0x00000034   Code   RO          938    !!!scatter          c_w.l(__scatter.o)
    0x080001c4   0x080001c4   0x0000001a   Code   RO          940    !!handler_copy      c_w.l(__scatter_copy.o)
    0x080001de   0x080001de   0x00000002   PAD
    0x080001e0   0x080001e0   0x0000001c   Code   RO          942    !!handler_zi        c_w.l(__scatter_zi.o)
    0x080001fc   0x080001fc   0x00000002   Code   RO          806    .ARM.Collect$$libinit$$00000000  c_w.l(libinit.o)
    0x080001fe   0x080001fe   0x00000004   Code   RO          812    .ARM.Collect$$libinit$$00000001  c_w.l(libinit2.o)
    0x08000202   0x08000202   0x00000000   Code   RO          815    .ARM.Collect$$libinit$$00000004  c_w.l(libinit2.o)
    0x08000202   0x08000202   0x00000000   Code   RO          818    .ARM.Collect$$libinit$$0000000A  c_w.l(libinit2.o)
    0x08000202   0x08000202   0x00000000   Code   RO          820    .ARM.Collect$$libinit$$0000000C  c_w.l(libinit2.o)
    0x08000202   0x08000202   0x00000000   Code   RO          822    .ARM.Collect$$libinit$$0000000E  c_w.l(libinit2.o)
    0x08000202   0x08000202   0x00000000   Code   RO          825    .ARM.Collect$$libinit$$00000011  c_w.l(libinit2.o)
    0x08000202   0x08000202   0x00000000   Code   RO          827    .ARM.Collect$$libinit$$00000013  c_w.l(libinit2.o)
    0x08000202   0x08000202   0x00000000   Code   RO          829    .ARM.Collect$$libinit$$00000015  c_w.l(libinit2.o)
    0x08000202   0x08000202   0x00000000   Code   RO          831    .ARM.Collect$$libinit$$00000017  c_w.l(libinit2.o)
    0x08000202   0x08000202   0x00000000   Code   RO          833    .ARM.Collect$$libinit$$00000019  c_w.l(libinit2.o)
    0x08000202   0x08000202   0x00000000   Code   RO          835    .ARM.Collect$$libinit$$0000001B  c_w.l(libinit2.o)
    0x08000202   0x08000202   0x00000000   Code   RO          837    .ARM.Collect$$libinit$$0000001D  c_w.l(libinit2.o)
    0x08000202   0x08000202   0x00000000   Code   RO          839    .ARM.Collect$$libinit$$0000001F  c_w.l(libinit2.o)
    0x08000202   0x08000202   0x00000000   Code   RO          841    .ARM.Collect$$libinit$$00000021  c_w.l(libinit2.o)
    0x08000202   0x08000202   0x00000000   Code   RO          843    .ARM.Collect$$libinit$$00000023  c_w.l(libinit2.o)
    0x08000202   0x08000202   0x00000000   Code   RO          845    .ARM.Collect$$libinit$$00000025  c_w.l(libinit2.o)
    0x08000202   0x08000202   0x00000000   Code   RO          849    .ARM.Collect$$libinit$$0000002C  c_w.l(libinit2.o)
    0x08000202   0x08000202   0x00000000   Code   RO          851    .ARM.Collect$$libinit$$0000002E  c_w.l(libinit2.o)
    0x08000202   0x08000202   0x00000000   Code   RO          853    .ARM.Collect$$libinit$$00000030  c_w.l(libinit2.o)
    0x08000202   0x08000202   0x00000000   Code   RO          855    .ARM.Collect$$libinit$$00000032  c_w.l(libinit2.o)
    0x08000202   0x08000202   0x00000002   Code   RO          856    .ARM.Collect$$libinit$$00000033  c_w.l(libinit2.o)
    0x08000204   0x08000204   0x00000002   Code   RO          876    .ARM.Collect$$libshutdown$$00000000  c_w.l(libshutdown.o)
    0x08000206   0x08000206   0x00000000   Code   RO          889    .ARM.Collect$$libshutdown$$00000002  c_w.l(libshutdown2.o)
    0x08000206   0x08000206   0x00000000   Code   RO          891    .ARM.Collect$$libshutdown$$00000004  c_w.l(libshutdown2.o)
    0x08000206   0x08000206   0x00000000   Code   RO          893    .ARM.Collect$$libshutdown$$00000006  c_w.l(libshutdown2.o)
    0x08000206   0x08000206   0x00000000   Code   RO          896    .ARM.Collect$$libshutdown$$00000009  c_w.l(libshutdown2.o)
    0x08000206   0x08000206   0x00000000   Code   RO          899    .ARM.Collect$$libshutdown$$0000000C  c_w.l(libshutdown2.o)
    0x08000206   0x08000206   0x00000000   Code   RO          901    .ARM.Collect$$libshutdown$$0000000E  c_w.l(libshutdown2.o)
    0x08000206   0x08000206   0x00000000   Code   RO          904    .ARM.Collect$$libshutdown$$00000011  c_w.l(libshutdown2.o)
    0x08000206   0x08000206   0x00000002   Code   RO          905    .ARM.Collect$$libshutdown$$00000012  c_w.l(libshutdown2.o)
    0x08000208   0x08000208   0x00000000   Code   RO          774    .ARM.Collect$$rtentry$$00000000  c_w.l(__rtentry.o)
    0x08000208   0x08000208   0x00000000   Code   RO          783    .ARM.Collect$$rtentry$$00000002  c_w.l(__rtentry2.o)
    0x08000208   0x08000208   0x00000006   Code   RO          795    .ARM.Collect$$rtentry$$00000004  c_w.l(__rtentry4.o)
    0x0800020e   0x0800020e   0x00000000   Code   RO          785    .ARM.Collect$$rtentry$$00000009  c_w.l(__rtentry2.o)
    0x0800020e   0x0800020e   0x00000004   Code   RO          786    .ARM.Collect$$rtentry$$0000000A  c_w.l(__rtentry2.o)
    0x08000212   0x08000212   0x00000000   Code   RO          788    .ARM.Collect$$rtentry$$0000000C  c_w.l(__rtentry2.o)
    0x08000212   0x08000212   0x00000008   Code   RO          789    .ARM.Collect$$rtentry$$0000000D  c_w.l(__rtentry2.o)
    0x0800021a   0x0800021a   0x00000002   Code   RO          810    .ARM.Collect$$rtexit$$00000000  c_w.l(rtexit.o)
    0x0800021c   0x0800021c   0x00000000   Code   RO          858    .ARM.Collect$$rtexit$$00000002  c_w.l(rtexit2.o)
    0x0800021c   0x0800021c   0x00000004   Code   RO          859    .ARM.Collect$$rtexit$$00000003  c_w.l(rtexit2.o)
    0x08000220   0x08000220   0x00000006   Code   RO          860    .ARM.Collect$$rtexit$$00000004  c_w.l(rtexit2.o)
    0x08000226   0x08000226   0x00000002   PAD
    0x08000228   0x08000228   0x00000084   Code   RO          312    .text               startup_stm32l476xx.o
    0x080002ac   0x080002ac   0x00000006   Code   RO          748    .text               c_w.l(heapauxi.o)
    0x080002b2   0x080002b2   0x0000004a   Code   RO          797    .text               c_w.l(sys_stackheap_outer.o)
    0x080002fc   0x080002fc   0x00000012   Code   RO          799    .text               c_w.l(exit.o)
    0x0800030e   0x0800030e   0x00000002   PAD
    0x08000310   0x08000310   0x00000008   Code   RO          807    .text               c_w.l(libspace.o)
    0x08000318   0x08000318   0x0000000c   Code   RO          868    .text               c_w.l(sys_exit.o)
    0x08000324   0x08000324   0x00000002   Code   RO          879    .text               c_w.l(use_no_semi.o)
    0x08000326   0x08000326   0x00000000   Code   RO          881    .text               c_w.l(indicate_semi.o)
    0x08000326   0x08000326   0x00000002   PAD
    0x08000328   0x08000328   0x00000050   Code   RO          606    i.GYRO_IO_CS_Init   l3gd20.o
    0x08000378   0x08000378   0x00000058   Code   RO          607    i.GYRO_IO_Read      l3gd20.o
    0x080003d0   0x080003d0   0x00000060   Code   RO          608    i.GYRO_IO_Write     l3gd20.o
    0x08000430   0x08000430   0x00000024   Code   RO          609    i.GYRO_Init         l3gd20.o
    0x08000454   0x08000454   0x00000034   Code   RO          174    i.Init_USARTx       main.o
    0x08000488   0x08000488   0x0000004e   Code   RO          610    i.L3GD20_Init       l3gd20.o
    0x080004d6   0x080004d6   0x00000002   PAD
    0x080004d8   0x080004d8   0x00000134   Code   RO          175    i.L3GD20_measure    main.o
    0x0800060c   0x0800060c   0x00000038   Code   RO            4    i.LCD_Clear         lcd.o
    0x08000644   0x08000644   0x000000c8   Code   RO            5    i.LCD_Clock_Init    lcd.o
    0x0800070c   0x0800070c   0x00000100   Code   RO            6    i.LCD_Configure     lcd.o
    0x0800080c   0x0800080c   0x00000014   Code   RO            9    i.LCD_Initialization  lcd.o
    0x08000820   0x08000820   0x000001b4   Code   RO           10    i.LCD_PIN_Init      lcd.o
    0x080009d4   0x080009d4   0x00000090   Code   RO          114    i.LED_Init          led.o
    0x08000a64   0x08000a64   0x00000104   Code   RO          522    i.SAI_Init          sai.o
    0x08000b68   0x08000b68   0x00000148   Code   RO          657    i.SPI2_GPIO_Init    spi.o
    0x08000cb0   0x08000cb0   0x00000016   Code   RO          658    i.SPI_Delay         spi.o
    0x08000cc6   0x08000cc6   0x00000002   PAD
    0x08000cc8   0x08000cc8   0x00000114   Code   RO          659    i.SPI_Init          spi.o
    0x08000ddc   0x08000ddc   0x0000003e   Code   RO          660    i.SPI_Read          spi.o
    0x08000e1a   0x08000e1a   0x0000003e   Code   RO          661    i.SPI_Write         spi.o
    0x08000e58   0x08000e58   0x00000010   Code   RO          706    i.SysTick_Handler   systimer.o
    0x08000e68   0x08000e68   0x0000008c   Code   RO          707    i.SysTick_Init      systimer.o
    0x08000ef4   0x08000ef4   0x00000184   Code   RO          319    i.System_Clock_Init  sysclock.o
    0x08001078   0x08001078   0x000000fc   Code   RO          343    i.UART1_GPIO_Init   uart.o
    0x08001174   0x08001174   0x00000028   Code   RO          344    i.UART1_Init        uart.o
    0x0800119c   0x0800119c   0x000000fc   Code   RO          345    i.UART2_GPIO_Init   uart.o
    0x08001298   0x08001298   0x00000028   Code   RO          346    i.UART2_Init        uart.o
    0x080012c0   0x080012c0   0x00000028   Code   RO          347    i.USART1_IRQHandler  uart.o
    0x080012e8   0x080012e8   0x00000028   Code   RO          348    i.USART2_IRQHandler  uart.o
    0x08001310   0x08001310   0x0000007c   Code   RO          350    i.USART_Init        uart.o
    0x0800138c   0x0800138c   0x00000022   Code   RO          353    i.__NVIC_EnableIRQ  uart.o
    0x080013ae   0x080013ae   0x00000002   PAD
    0x080013b0   0x080013b0   0x00000028   Code   RO          354    i.__NVIC_SetPriority  uart.o
    0x080013d8   0x080013d8   0x0000002c   Code   RO          251    i.buffer_q_almostfull  sample_buffer.o
    0x08001404   0x08001404   0x00000018   Code   RO          252    i.buffer_q_empty    sample_buffer.o
    0x0800141c   0x0800141c   0x00000028   Code   RO          253    i.buffer_q_get      sample_buffer.o
    0x08001444   0x08001444   0x00000034   Code   RO          254    i.buffer_q_init     sample_buffer.o
    0x08001478   0x08001478   0x00000050   Code   RO          255    i.buffer_q_pop      sample_buffer.o
    0x080014c8   0x080014c8   0x00000068   Code   RO          256    i.buffer_q_push     sample_buffer.o
    0x08001530   0x08001530   0x000003b2   Code   RO          481    i.cs43l22_init      cs43l22.o
    0x080018e2   0x080018e2   0x00000002   PAD
    0x080018e4   0x080018e4   0x0000003c   Code   RO          482    i.cs43l22_play      cs43l22.o
    0x08001920   0x08001920   0x000000c8   Code   RO          483    i.cs43l22_set_volume  cs43l22.o
    0x080019e8   0x080019e8   0x00000070   Code   RO          355    i.handle_RXNE       uart.o
    0x08001a58   0x08001a58   0x000001d4   Code   RO          546    i.i2c_init          i2c.o
    0x08001c2c   0x08001c2c   0x00000072   Code   RO          548    i.i2c_send_data     i2c.o
    0x08001c9e   0x08001c9e   0x00000002   PAD
    0x08001ca0   0x08001ca0   0x00000054   Code   RO          549    i.i2c_start         i2c.o
    0x08001cf4   0x08001cf4   0x0000001e   Code   RO          550    i.i2c_stop          i2c.o
    0x08001d12   0x08001d12   0x00000010   Code   RO          551    i.i2c_wait_line_idle  i2c.o
    0x08001d22   0x08001d22   0x00000002   PAD
    0x08001d24   0x08001d24   0x00000110   Code   RO          176    i.main              main.o
    0x08001e34   0x08001e34   0x00000150   Code   RO          752    x$fpl$dadd          fz_wm.l(daddsub_clz.o)
    0x08001f84   0x08001f84   0x00000018   Code   RO          775    x$fpl$dcmpinf       fz_wm.l(dcmpi.o)
    0x08001f9c   0x08001f9c   0x000002b0   Code   RO          759    x$fpl$ddiv          fz_wm.l(ddiv.o)
    0x0800224c   0x0800224c   0x0000002e   Code   RO          763    x$fpl$dflt          fz_wm.l(dflt_clz.o)
    0x0800227a   0x0800227a   0x00000002   PAD
    0x0800227c   0x0800227c   0x00000078   Code   RO          768    x$fpl$dleqf         fz_wm.l(dleqf.o)
    0x080022f4   0x080022f4   0x00000154   Code   RO          770    x$fpl$dmul          fz_wm.l(dmul.o)
    0x08002448   0x08002448   0x0000009c   Code   RO          777    x$fpl$dnaninf       fz_wm.l(dnaninf.o)
    0x080024e4   0x080024e4   0x0000000c   Code   RO          779    x$fpl$dretinf       fz_wm.l(dretinf.o)
    0x080024f0   0x080024f0   0x0000006c   Code   RO          772    x$fpl$drleqf        fz_wm.l(drleqf.o)
    0x0800255c   0x0800255c   0x000001d4   Code   RO          754    x$fpl$dsub          fz_wm.l(daddsub_clz.o)
    0x08002730   0x08002730   0x0000000a   Code   RO          866    x$fpl$fpinit        fz_wm.l(fpinit.o)
    0x0800273a   0x0800273a   0x00000000   Code   RO          781    x$fpl$usenofp       fz_wm.l(usenofp.o)
    0x0800273a   0x0800273a   0x00000002   PAD
    0x0800273c   0x0800273c   0x00000020   Data   RO          936    Region$$Table       anon$$obj.o


    Execution Region RW_IRAM1 (Exec base: 0x20000000, Load base: 0x0800275c, Size: 0x00010690, Max: 0x00018000, ABSOLUTE)

    Exec Addr    Load Addr    Size         Type   Attr      Idx    E Section Name        Object

    0x20000000   0x0800275c   0x00000008   Data   RW          177    .data               main.o
    0x20000008   0x08002764   0x0000000e   Data   RW          260    .data               sample_buffer.o
    0x20000016   0x08002772   0x0000000c   Data   RW          356    .data               uart.o
    0x20000022   0x0800277e   0x00000002   PAD
    0x20000024   0x08002780   0x00000004   Data   RW          552    .data               i2c.o
    0x20000028   0x08002784   0x00000004   Data   RW          709    .data               systimer.o
    0x2000002c        -       0x00010000   Zero   RW          259    .bss                sample_buffer.o
    0x2001002c        -       0x00000060   Zero   RW          808    .bss                c_w.l(libspace.o)
    0x2001008c   0x08002788   0x00000004   PAD
    0x20010090        -       0x00000200   Zero   RW          310    HEAP                startup_stm32l476xx.o
    0x20010290        -       0x00000400   Zero   RW          309    STACK               startup_stm32l476xx.o


==============================================================================

Image component sizes


      Code (inc. data)   RO Data    RW Data    ZI Data      Debug   Object Name

      1206         22          0          0          0       2475   cs43l22.o
       712         18          0          4          0       4189   i2c.o
       378         28          0          0          0       3503   l3gd20.o
       968         76          0          0          0     320133   lcd.o
       144         12          0          0          0        511   led.o
       632         80          0          8          0       3578   main.o
       260         12          0          0          0        571   sai.o
       344         94          0         14      65536       4323   sample_buffer.o
       750         18          0          0          0       3665   spi.o
       132         42        392          0       1536        888   startup_stm32l476xx.o
       388          8          0          0          0        676   sysclock.o
       156         16          0          4          0      32050   systimer.o
       974         74          0         12          0       6474   uart.o

    ----------------------------------------------------------------------
      7056        500        424         44      67072     383036   Object Totals
         0          0         32          0          0          0   (incl. Generated)
        12          0          0          2          0          0   (incl. Padding)

    ----------------------------------------------------------------------

      Code (inc. data)   RO Data    RW Data    ZI Data      Debug   Library Member Name

         8          0          0          0          0         68   __main.o
         0          0          0          0          0          0   __rtentry.o
        12          0          0          0          0          0   __rtentry2.o
         6          0          0          0          0          0   __rtentry4.o
        52          8          0          0          0          0   __scatter.o
        26          0          0          0          0          0   __scatter_copy.o
        28          0          0          0          0          0   __scatter_zi.o
        18          0          0          0          0         80   exit.o
         6          0          0          0          0        152   heapauxi.o
         0          0          0          0          0          0   indicate_semi.o
         2          0          0          0          0          0   libinit.o
         6          0          0          0          0          0   libinit2.o
         2          0          0          0          0          0   libshutdown.o
         2          0          0          0          0          0   libshutdown2.o
         8          4          0          0         96         68   libspace.o
         2          0          0          0          0          0   rtexit.o
        10          0          0          0          0          0   rtexit2.o
        12          4          0          0          0         68   sys_exit.o
        74          0          0          0          0         80   sys_stackheap_outer.o
         2          0          0          0          0         68   use_no_semi.o
       804         16          0          0          0        368   daddsub_clz.o
        24          0          0          0          0        116   dcmpi.o
       688        140          0          0          0        256   ddiv.o
        46          0          0          0          0        116   dflt_clz.o
       120          4          0          0          0        140   dleqf.o
       340         12          0          0          0        152   dmul.o
       156          4          0          0          0        140   dnaninf.o
        12          0          0          0          0        116   dretinf.o
       108          0          0          0          0        128   drleqf.o
        10          0          0          0          0        116   fpinit.o
         0          0          0          0          0          0   usenofp.o

    ----------------------------------------------------------------------
      2596        192          0          0        100       2232   Library Totals
        12          0          0          0          4          0   (incl. Padding)

    ----------------------------------------------------------------------

      Code (inc. data)   RO Data    RW Data    ZI Data      Debug   Library Name

       276         16          0          0         96        584   c_w.l
      2308        176          0          0          0       1648   fz_wm.l

    ----------------------------------------------------------------------
      2596        192          0          0        100       2232   Library Totals

    ----------------------------------------------------------------------

==============================================================================


      Code (inc. data)   RO Data    RW Data    ZI Data      Debug   

      9652        692        424         44      67172     379812   Grand Totals
      9652        692        424         44      67172     379812   ELF Image Totals
      9652        692        424         44          0          0   ROM Totals

==============================================================================

    Total RO  Size (Code + RO Data)                10076 (   9.84kB)
    Total RW  Size (RW Data + ZI Data)             67216 (  65.64kB)
    Total ROM Size (Code + RO Data + RW Data)      10120 (   9.88kB)

==============================================================================

